Archive member included to satisfy reference by file (symbol)

c:/program files (x86)/atollic/truestudio for stm32 9.3.0/armtools/bin/../lib/gcc/arm-atollic-eabi/6.3.1/../../../../arm-atollic-eabi/lib/armv7e-m/fpu\libc_nano.a(lib_a-init.o)
                              startup\startup_stm32f407xx.o (__libc_init_array)
c:/program files (x86)/atollic/truestudio for stm32 9.3.0/armtools/bin/../lib/gcc/arm-atollic-eabi/6.3.1/../../../../arm-atollic-eabi/lib/armv7e-m/fpu\libc_nano.a(lib_a-memcmp.o)
                              Middlewares\Third_Party\LwIP\src\netif\ethernet.o (memcmp)
c:/program files (x86)/atollic/truestudio for stm32 9.3.0/armtools/bin/../lib/gcc/arm-atollic-eabi/6.3.1/../../../../arm-atollic-eabi/lib/armv7e-m/fpu\libc_nano.a(lib_a-memcpy-stub.o)
                              Middlewares\Third_Party\FreeRTOS\Source\queue.o (memcpy)
c:/program files (x86)/atollic/truestudio for stm32 9.3.0/armtools/bin/../lib/gcc/arm-atollic-eabi/6.3.1/../../../../arm-atollic-eabi/lib/armv7e-m/fpu\libc_nano.a(lib_a-memset.o)
                              Middlewares\Third_Party\FreeRTOS\Source\stream_buffer.o (memset)
c:/program files (x86)/atollic/truestudio for stm32 9.3.0/armtools/bin/../lib/gcc/arm-atollic-eabi/6.3.1/../../../../arm-atollic-eabi/lib/armv7e-m/fpu\libc_nano.a(lib_a-printf.o)
                              Middlewares\Third_Party\LwIP\src\api\api_lib.o (printf)
c:/program files (x86)/atollic/truestudio for stm32 9.3.0/armtools/bin/../lib/gcc/arm-atollic-eabi/6.3.1/../../../../arm-atollic-eabi/lib/armv7e-m/fpu\libc_nano.a(lib_a-sprintf.o)
                              Src\lwip_mqtt.o (sprintf)
c:/program files (x86)/atollic/truestudio for stm32 9.3.0/armtools/bin/../lib/gcc/arm-atollic-eabi/6.3.1/../../../../arm-atollic-eabi/lib/armv7e-m/fpu\libc_nano.a(lib_a-strcmp.o)
                              Src\lwip_mqtt.o (strcmp)
c:/program files (x86)/atollic/truestudio for stm32 9.3.0/armtools/bin/../lib/gcc/arm-atollic-eabi/6.3.1/../../../../arm-atollic-eabi/lib/armv7e-m/fpu\libc_nano.a(lib_a-strcpy.o)
                              Src\lwip_mqtt.o (strcpy)
c:/program files (x86)/atollic/truestudio for stm32 9.3.0/armtools/bin/../lib/gcc/arm-atollic-eabi/6.3.1/../../../../arm-atollic-eabi/lib/armv7e-m/fpu\libc_nano.a(lib_a-strlen.o)
                              Middlewares\Third_Party\LwIP\src\apps\mqtt\mqtt.o (strlen)
c:/program files (x86)/atollic/truestudio for stm32 9.3.0/armtools/bin/../lib/gcc/arm-atollic-eabi/6.3.1/../../../../arm-atollic-eabi/lib/armv7e-m/fpu\libc_nano.a(lib_a-strncmp.o)
                              Middlewares\Third_Party\LwIP\src\core\def.o (strncmp)
c:/program files (x86)/atollic/truestudio for stm32 9.3.0/armtools/bin/../lib/gcc/arm-atollic-eabi/6.3.1/../../../../arm-atollic-eabi/lib/armv7e-m/fpu\libc_nano.a(lib_a-findfp.o)
                              c:/program files (x86)/atollic/truestudio for stm32 9.3.0/armtools/bin/../lib/gcc/arm-atollic-eabi/6.3.1/../../../../arm-atollic-eabi/lib/armv7e-m/fpu\libc_nano.a(lib_a-printf.o) (__sinit)
c:/program files (x86)/atollic/truestudio for stm32 9.3.0/armtools/bin/../lib/gcc/arm-atollic-eabi/6.3.1/../../../../arm-atollic-eabi/lib/armv7e-m/fpu\libc_nano.a(lib_a-fwalk.o)
                              c:/program files (x86)/atollic/truestudio for stm32 9.3.0/armtools/bin/../lib/gcc/arm-atollic-eabi/6.3.1/../../../../arm-atollic-eabi/lib/armv7e-m/fpu\libc_nano.a(lib_a-findfp.o) (_fwalk)
c:/program files (x86)/atollic/truestudio for stm32 9.3.0/armtools/bin/../lib/gcc/arm-atollic-eabi/6.3.1/../../../../arm-atollic-eabi/lib/armv7e-m/fpu\libc_nano.a(lib_a-impure.o)
                              c:/program files (x86)/atollic/truestudio for stm32 9.3.0/armtools/bin/../lib/gcc/arm-atollic-eabi/6.3.1/../../../../arm-atollic-eabi/lib/armv7e-m/fpu\libc_nano.a(lib_a-findfp.o) (_global_impure_ptr)
c:/program files (x86)/atollic/truestudio for stm32 9.3.0/armtools/bin/../lib/gcc/arm-atollic-eabi/6.3.1/../../../../arm-atollic-eabi/lib/armv7e-m/fpu\libc_nano.a(lib_a-nano-mallocr.o)
                              c:/program files (x86)/atollic/truestudio for stm32 9.3.0/armtools/bin/../lib/gcc/arm-atollic-eabi/6.3.1/../../../../arm-atollic-eabi/lib/armv7e-m/fpu\libc_nano.a(lib_a-findfp.o) (_malloc_r)
c:/program files (x86)/atollic/truestudio for stm32 9.3.0/armtools/bin/../lib/gcc/arm-atollic-eabi/6.3.1/../../../../arm-atollic-eabi/lib/armv7e-m/fpu\libc_nano.a(lib_a-nano-svfprintf.o)
                              c:/program files (x86)/atollic/truestudio for stm32 9.3.0/armtools/bin/../lib/gcc/arm-atollic-eabi/6.3.1/../../../../arm-atollic-eabi/lib/armv7e-m/fpu\libc_nano.a(lib_a-sprintf.o) (_svfprintf_r)
c:/program files (x86)/atollic/truestudio for stm32 9.3.0/armtools/bin/../lib/gcc/arm-atollic-eabi/6.3.1/../../../../arm-atollic-eabi/lib/armv7e-m/fpu\libc_nano.a(lib_a-nano-vfprintf.o)
[...]
Memory Configuration

Name             Origin             Length             Attributes
FLASH            0x08000000         0x00100000         xr
RAM              0x20000000         0x00020000         xrw
MEMORY_B1        0x60000000         0x00000000         xr
CCMRAM           0x10000000         0x00010000         rw
*default*        0x00000000         0xffffffff

Linker script and memory map

LOAD c:/program files (x86)/atollic/truestudio for stm32 9.3.0/armtools/bin/../lib/gcc/arm-atollic-eabi/6.3.1/armv7e-m/fpu/crti.o
LOAD c:/program files (x86)/atollic/truestudio for stm32 9.3.0/armtools/bin/../lib/gcc/arm-atollic-eabi/6.3.1/armv7e-m/fpu/crtbegin.o
LOAD Drivers\STM32F4xx_HAL_Driver\Src\stm32f4xx_hal.o
LOAD Drivers\STM32F4xx_HAL_Driver\Src\stm32f4xx_hal_cortex.o
LOAD Drivers\STM32F4xx_HAL_Driver\Src\stm32f4xx_hal_dma.o
LOAD Drivers\STM32F4xx_HAL_Driver\Src\stm32f4xx_hal_dma_ex.o
LOAD Drivers\STM32F4xx_HAL_Driver\Src\stm32f4xx_hal_eth.o
LOAD Drivers\STM32F4xx_HAL_Driver\Src\stm32f4xx_hal_exti.o
LOAD Drivers\STM32F4xx_HAL_Driver\Src\stm32f4xx_hal_flash.o
LOAD Drivers\STM32F4xx_HAL_Driver\Src\stm32f4xx_hal_flash_ex.o
LOAD Drivers\STM32F4xx_HAL_Driver\Src\stm32f4xx_hal_flash_ramfunc.o
LOAD Drivers\STM32F4xx_HAL_Driver\Src\stm32f4xx_hal_gpio.o
LOAD Drivers\STM32F4xx_HAL_Driver\Src\stm32f4xx_hal_pwr.o
LOAD Drivers\STM32F4xx_HAL_Driver\Src\stm32f4xx_hal_pwr_ex.o
LOAD Drivers\STM32F4xx_HAL_Driver\Src\stm32f4xx_hal_rcc.o
LOAD Drivers\STM32F4xx_HAL_Driver\Src\stm32f4xx_hal_rcc_ex.o
LOAD Drivers\STM32F4xx_HAL_Driver\Src\stm32f4xx_hal_tim.o
LOAD Drivers\STM32F4xx_HAL_Driver\Src\stm32f4xx_hal_tim_ex.o
LOAD Drivers\STM32F4xx_HAL_Driver\Src\stm32f4xx_hal_uart.o
LOAD Middlewares\Third_Party\FreeRTOS\Source\CMSIS_RTOS\cmsis_os.o
LOAD Middlewares\Third_Party\FreeRTOS\Source\croutine.o
LOAD Middlewares\Third_Party\FreeRTOS\Source\event_groups.o
LOAD Middlewares\Third_Party\FreeRTOS\Source\list.o
LOAD Middlewares\Third_Party\FreeRTOS\Source\portable\GCC\ARM_CM4F\port.o
LOAD Middlewares\Third_Party\FreeRTOS\Source\portable\MemMang\heap_4.o
LOAD Middlewares\Third_Party\FreeRTOS\Source\queue.o
LOAD Middlewares\Third_Party\FreeRTOS\Source\stream_buffer.o
LOAD Middlewares\Third_Party\FreeRTOS\Source\tasks.o
LOAD Middlewares\Third_Party\FreeRTOS\Source\timers.o
LOAD Middlewares\Third_Party\LwIP\src\api\api_lib.o
LOAD Middlewares\Third_Party\LwIP\src\api\api_msg.o
LOAD Middlewares\Third_Party\LwIP\src\api\err.o
LOAD Middlewares\Third_Party\LwIP\src\api\netbuf.o
LOAD Middlewares\Third_Party\LwIP\src\api\netdb.o
LOAD Middlewares\Third_Party\LwIP\src\api\netifapi.o
LOAD Middlewares\Third_Party\LwIP\src\api\sockets.o
LOAD Middlewares\Third_Party\LwIP\src\api\tcpip.o
LOAD Middlewares\Third_Party\LwIP\src\apps\mqtt\mqtt.o
LOAD Middlewares\Third_Party\LwIP\src\core\def.o
LOAD Middlewares\Third_Party\LwIP\src\core\dns.o
LOAD Middlewares\Third_Party\LwIP\src\core\inet_chksum.o
LOAD Middlewares\Third_Party\LwIP\src\core\init.o
LOAD Middlewares\Third_Party\LwIP\src\core\ip.o
LOAD Middlewares\Third_Party\LwIP\src\core\ipv4\autoip.o
LOAD Middlewares\Third_Party\LwIP\src\core\ipv4\dhcp.o
LOAD Middlewares\Third_Party\LwIP\src\core\ipv4\etharp.o
LOAD Middlewares\Third_Party\LwIP\src\core\ipv4\icmp.o
LOAD Middlewares\Third_Party\LwIP\src\core\ipv4\igmp.o
LOAD Middlewares\Third_Party\LwIP\src\core\ipv4\ip4.o
LOAD Middlewares\Third_Party\LwIP\src\core\ipv4\ip4_addr.o
LOAD Middlewares\Third_Party\LwIP\src\core\ipv4\ip4_frag.o
LOAD Middlewares\Third_Party\LwIP\src\core\ipv6\dhcp6.o
LOAD Middlewares\Third_Party\LwIP\src\core\ipv6\ethip6.o
LOAD Middlewares\Third_Party\LwIP\src\core\ipv6\icmp6.o
LOAD Middlewares\Third_Party\LwIP\src\core\ipv6\inet6.o
LOAD Middlewares\Third_Party\LwIP\src\core\ipv6\ip6.o
LOAD Middlewares\Third_Party\LwIP\src\core\ipv6\ip6_addr.o
LOAD Middlewares\Third_Party\LwIP\src\core\ipv6\ip6_frag.o
LOAD Middlewares\Third_Party\LwIP\src\core\ipv6\mld6.o
LOAD Middlewares\Third_Party\LwIP\src\core\ipv6\nd6.o
LOAD Middlewares\Third_Party\LwIP\src\core\mem.o
LOAD Middlewares\Third_Party\LwIP\src\core\memp.o
LOAD Middlewares\Third_Party\LwIP\src\core\netif.o
LOAD Middlewares\Third_Party\LwIP\src\core\pbuf.o
LOAD Middlewares\Third_Party\LwIP\src\core\raw.o
LOAD Middlewares\Third_Party\LwIP\src\core\stats.o
LOAD Middlewares\Third_Party\LwIP\src\core\sys.o
LOAD Middlewares\Third_Party\LwIP\src\core\tcp.o
LOAD Middlewares\Third_Party\LwIP\src\core\tcp_in.o
LOAD Middlewares\Third_Party\LwIP\src\core\tcp_out.o
LOAD Middlewares\Third_Party\LwIP\src\core\timeouts.o
LOAD Middlewares\Third_Party\LwIP\src\core\udp.o
LOAD Middlewares\Third_Party\LwIP\src\netif\ethernet.o
LOAD Middlewares\Third_Party\LwIP\src\netif\lowpan6.o
LOAD Middlewares\Third_Party\LwIP\src\netif\ppp\auth.o
LOAD Middlewares\Third_Party\LwIP\src\netif\ppp\ccp.o
LOAD Middlewares\Third_Party\LwIP\src\netif\ppp\chap-md5.o
LOAD Middlewares\Third_Party\LwIP\src\netif\ppp\chap-new.o
LOAD Middlewares\Third_Party\LwIP\src\netif\ppp\chap_ms.o
LOAD Middlewares\Third_Party\LwIP\src\netif\ppp\demand.o
LOAD Middlewares\Third_Party\LwIP\src\netif\ppp\eap.o
LOAD Middlewares\Third_Party\LwIP\src\netif\ppp\ecp.o
LOAD Middlewares\Third_Party\LwIP\src\netif\ppp\eui64.o
LOAD Middlewares\Third_Party\LwIP\src\netif\ppp\fsm.o
LOAD Middlewares\Third_Party\LwIP\src\netif\ppp\ipcp.o
LOAD Middlewares\Third_Party\LwIP\src\netif\ppp\ipv6cp.o
LOAD Middlewares\Third_Party\LwIP\src\netif\ppp\lcp.o
LOAD Middlewares\Third_Party\LwIP\src\netif\ppp\magic.o
LOAD Middlewares\Third_Party\LwIP\src\netif\ppp\mppe.o
LOAD Middlewares\Third_Party\LwIP\src\netif\ppp\multilink.o
LOAD Middlewares\Third_Party\LwIP\src\netif\ppp\ppp.o
LOAD Middlewares\Third_Party\LwIP\src\netif\ppp\pppapi.o
LOAD Middlewares\Third_Party\LwIP\src\netif\ppp\pppcrypt.o
LOAD Middlewares\Third_Party\LwIP\src\netif\ppp\pppoe.o
LOAD Middlewares\Third_Party\LwIP\src\netif\ppp\pppol2tp.o
LOAD Middlewares\Third_Party\LwIP\src\netif\ppp\pppos.o
LOAD Middlewares\Third_Party\LwIP\src\netif\ppp\upap.o
LOAD Middlewares\Third_Party\LwIP\src\netif\ppp\utils.o
LOAD Middlewares\Third_Party\LwIP\src\netif\ppp\vj.o
LOAD Middlewares\Third_Party\LwIP\src\netif\slipif.o
LOAD Middlewares\Third_Party\LwIP\system\OS\sys_arch.o
LOAD Src\ethernetif.o
LOAD Src\freertos.o
LOAD Src\lwip.o
LOAD Src\lwip_mqtt.o
LOAD Src\main.o
LOAD Src\stm32f4xx_hal_msp.o
LOAD Src\stm32f4xx_hal_timebase_tim.o
LOAD Src\stm32f4xx_it.o
LOAD Src\syscalls.o
LOAD Src\system_stm32f4xx.o
LOAD startup\startup_stm32f407xx.o
                0x00000080                malloc_getpagesize_P = 0x80
START GROUP
LOAD c:/program files (x86)/atollic/truestudio for stm32 9.3.0/armtools/bin/../lib/gcc/arm-atollic-eabi/6.3.1/../../../../arm-atollic-eabi/lib/armv7e-m/fpu\libc_nano.a
LOAD c:/program files (x86)/atollic/truestudio for stm32 9.3.0/armtools/bin/../lib/gcc/arm-atollic-eabi/6.3.1/../../../../arm-atollic-eabi/lib/armv7e-m/fpu\libm.a
END GROUP
START GROUP
LOAD c:/program files (x86)/atollic/truestudio for stm32 9.3.0/armtools/bin/../lib/gcc/arm-atollic-eabi/6.3.1/armv7e-m/fpu\libgcc.a
LOAD c:/program files (x86)/atollic/truestudio for stm32 9.3.0/armtools/bin/../lib/gcc/arm-atollic-eabi/6.3.1/../../../../arm-atollic-eabi/lib/armv7e-m/fpu\libc_nano.a
END GROUP
START GROUP
LOAD c:/program files (x86)/atollic/truestudio for stm32 9.3.0/armtools/bin/../lib/gcc/arm-atollic-eabi/6.3.1/armv7e-m/fpu\libgcc.a
LOAD c:/program files (x86)/atollic/truestudio for stm32 9.3.0/armtools/bin/../lib/gcc/arm-atollic-eabi/6.3.1/../../../../arm-atollic-eabi/lib/armv7e-m/fpu\libc_nano.a
LOAD c:/program files (x86)/atollic/truestudio for stm32 9.3.0/armtools/bin/../lib/gcc/arm-atollic-eabi/6.3.1/../../../../arm-atollic-eabi/lib/armv7e-m/fpu\libnosys.a
END GROUP
START GROUP
LOAD c:/program files (x86)/atollic/truestudio for stm32 9.3.0/armtools/bin/../lib/gcc/arm-atollic-eabi/6.3.1/armv7e-m/fpu\libgcc.a
LOAD c:/program files (x86)/atollic/truestudio for stm32 9.3.0/armtools/bin/../lib/gcc/arm-atollic-eabi/6.3.1/../../../../arm-atollic-eabi/lib/armv7e-m/fpu\libc_nano.a
LOAD c:/program files (x86)/atollic/truestudio for stm32 9.3.0/armtools/bin/../lib/gcc/arm-atollic-eabi/6.3.1/../../../../arm-atollic-eabi/lib/armv7e-m/fpu\libnosys.a
END GROUP
LOAD c:/program files (x86)/atollic/truestudio for stm32 9.3.0/armtools/bin/../lib/gcc/arm-atollic-eabi/6.3.1/armv7e-m/fpu/crtend.o
LOAD c:/program files (x86)/atollic/truestudio for stm32 9.3.0/armtools/bin/../lib/gcc/arm-atollic-eabi/6.3.1/armv7e-m/fpu/crtn.o
                0x20020000                _estack = 0x20020000
                0x00000000                _Min_Heap_Size = 0x0
                0x00000400                _Min_Stack_Size = 0x400

.isr_vector     0x08000000      0x188
                0x08000000                . = ALIGN (0x4)
 *(.isr_vector)
 .isr_vector    0x08000000      0x188 startup\startup_stm32f407xx.o
                0x08000000                g_pfnVectors
                0x08000188                . = ALIGN (0x4)

.text           0x08000190     0xb970
                0x08000190                . = ALIGN (0x4)
 *(.text)
 .text          0x08000190       0x40 c:/program files (x86)/atollic/truestudio for stm32 9.3.0/armtools/bin/../lib/gcc/arm-atollic-eabi/6.3.1/armv7e-m/fpu/crtbegin.o
 .text          0x080001d0       0x14 c:/program files (x86)/atollic/truestudio for stm32 9.3.0/armtools/bin/../lib/gcc/arm-atollic-eabi/6.3.1/../../../../arm-atollic-eabi/lib/armv7e-m/fpu\libc_nano.a(lib_a-strcmp.o)
                0x080001d0                strcmp
 .text          0x080001e4       0x10 c:/program files (x86)/atollic/truestudio for stm32 9.3.0/armtools/bin/../lib/gcc/arm-atollic-eabi/6.3.1/../../../../arm-atollic-eabi/lib/armv7e-m/fpu\libc_nano.a(lib_a-strlen.o)
                0x080001e4                strlen
 *fill*         0x080001f4        0xc 
 .text          0x08000200       0xa0 c:/program files (x86)/atollic/truestudio for stm32 9.3.0/armtools/bin/../lib/gcc/arm-atollic-eabi/6.3.1/../../../../arm-atollic-eabi/lib/armv7e-m/fpu\libc_nano.a(lib_a-memchr.o)
                0x08000200                memchr
 .text          0x080002a0       0x30 c:/program files (x86)/atollic/truestudio for stm32 9.3.0/armtools/bin/../lib/gcc/arm-atollic-eabi/6.3.1/armv7e-m/fpu\libgcc.a(_aeabi_uldivmod.o)
                0x080002a0                __aeabi_uldivmod
 .text          0x080002d0      0x2dc c:/program files (x86)/atollic/truestudio for stm32 9.3.0/armtools/bin/../lib/gcc/arm-atollic-eabi/6.3.1/armv7e-m/fpu\libgcc.a(_udivmoddi4.o)
                0x080002d0                __udivmoddi4
 .text          0x080005ac        0x4 c:/program files (x86)/atollic/truestudio for stm32 9.3.0/armtools/bin/../lib/gcc/arm-atollic-eabi/6.3.1/armv7e-m/fpu\libgcc.a(_dvmd_tls.o)
                0x080005ac                __aeabi_idiv0
                0x080005ac                __aeabi_ldiv0
 *(.text*)
 .text.HAL_Init
                0x080005b0       0x34 Drivers\STM32F4xx_HAL_Driver\Src\stm32f4xx_hal.o
                0x080005b0                HAL_Init
 .text.HAL_IncTick
                0x080005e4       0x18 Drivers\STM32F4xx_HAL_Driver\Src\stm32f4xx_hal.o
                0x080005e4                HAL_IncTick
 .text.HAL_GetTick
                0x080005fc        0xc Drivers\STM32F4xx_HAL_Driver\Src\stm32f4xx_hal.o
                0x080005fc                HAL_GetTick
 .text.HAL_Delay
                0x08000608       0x28 Drivers\STM32F4xx_HAL_Driver\Src\stm32f4xx_hal.o
                0x08000608                HAL_Delay
 .text.HAL_NVIC_SetPriorityGrouping
                0x08000630       0x24 Drivers\STM32F4xx_HAL_Driver\Src\stm32f4xx_hal_cortex.o
                0x08000630                HAL_NVIC_SetPriorityGrouping
 .text.HAL_NVIC_SetPriority
                0x08000654       0x68 Drivers\STM32F4xx_HAL_Driver\Src\stm32f4xx_hal_cortex.o
                0x08000654                HAL_NVIC_SetPriority
 .text.HAL_NVIC_EnableIRQ
                0x080006bc       0x1c Drivers\STM32F4xx_HAL_Driver\Src\stm32f4xx_hal_cortex.o
                0x080006bc                HAL_NVIC_EnableIRQ
 .text.ETH_Delay.constprop.4
                0x080006d8       0x24 Drivers\STM32F4xx_HAL_Driver\Src\stm32f4xx_hal_eth.o
 .text.ETH_FlushTransmitFIFO
                0x080006fc       0x28 Drivers\STM32F4xx_HAL_Driver\Src\stm32f4xx_hal_eth.o
 .text.ETH_MACDMAConfig
                0x08000724       0xf8 Drivers\STM32F4xx_HAL_Driver\Src\stm32f4xx_hal_eth.o
 .text.HAL_ETH_DMATxDescListInit
                0x0800081c       0x7a Drivers\STM32F4xx_HAL_Driver\Src\stm32f4xx_hal_eth.o
                0x0800081c                HAL_ETH_DMATxDescListInit
 .text.HAL_ETH_DMARxDescListInit
                0x08000896       0x78 Drivers\STM32F4xx_HAL_Driver\Src\stm32f4xx_hal_eth.o
                0x08000896                HAL_ETH_DMARxDescListInit
 *fill*         0x0800090e        0x2 
 .text.HAL_ETH_TransmitFrame
                0x08000910       0xe8 Drivers\STM32F4xx_HAL_Driver\Src\stm32f4xx_hal_eth.o
                0x08000910                HAL_ETH_TransmitFrame
 .text.HAL_ETH_GetReceivedFrame_IT
                0x080009f8       0x8a Drivers\STM32F4xx_HAL_Driver\Src\stm32f4xx_hal_eth.o
                0x080009f8                HAL_ETH_GetReceivedFrame_IT
 .text.HAL_ETH_TxCpltCallback
                0x08000a82        0x2 Drivers\STM32F4xx_HAL_Driver\Src\stm32f4xx_hal_eth.o
                0x08000a82                HAL_ETH_TxCpltCallback
 .text.HAL_ETH_ErrorCallback
                0x08000a84        0x2 Drivers\STM32F4xx_HAL_Driver\Src\stm32f4xx_hal_eth.o
                0x08000a84                HAL_ETH_ErrorCallback
 .text.HAL_ETH_IRQHandler
                0x08000a86       0x70 Drivers\STM32F4xx_HAL_Driver\Src\stm32f4xx_hal_eth.o
                0x08000a86                HAL_ETH_IRQHandler
 .text.HAL_ETH_ReadPHYRegister
                0x08000af6       0x74 Drivers\STM32F4xx_HAL_Driver\Src\stm32f4xx_hal_eth.o
                0x08000af6                HAL_ETH_ReadPHYRegister
 .text.HAL_ETH_WritePHYRegister
                0x08000b6a       0x6e Drivers\STM32F4xx_HAL_Driver\Src\stm32f4xx_hal_eth.o
                0x08000b6a                HAL_ETH_WritePHYRegister
 .text.HAL_ETH_Init
                0x08000bd8      0x1f8 Drivers\STM32F4xx_HAL_Driver\Src\stm32f4xx_hal_eth.o
                0x08000bd8                HAL_ETH_Init
 .text.HAL_ETH_Start
                0x08000dd0       0x78 Drivers\STM32F4xx_HAL_Driver\Src\stm32f4xx_hal_eth.o
                0x08000dd0                HAL_ETH_Start
 .text.HAL_GPIO_Init
                0x08000e48      0x1c0 Drivers\STM32F4xx_HAL_Driver\Src\stm32f4xx_hal_gpio.o
                0x08000e48                HAL_GPIO_Init
 .text.HAL_GPIO_WritePin
                0x08001008        0xa Drivers\STM32F4xx_HAL_Driver\Src\stm32f4xx_hal_gpio.o
                0x08001008                HAL_GPIO_WritePin
 *fill*         0x08001012        0x2 
 .text.HAL_RCC_OscConfig
                0x08001014      0x34c Drivers\STM32F4xx_HAL_Driver\Src\stm32f4xx_hal_rcc.o
                0x08001014                HAL_RCC_OscConfig
 .text.HAL_RCC_GetSysClockFreq
                0x08001360       0x5c Drivers\STM32F4xx_HAL_Driver\Src\stm32f4xx_hal_rcc.o
                0x08001360                HAL_RCC_GetSysClockFreq
 .text.HAL_RCC_ClockConfig
                0x080013bc      0x138 Drivers\STM32F4xx_HAL_Driver\Src\stm32f4xx_hal_rcc.o
                0x080013bc                HAL_RCC_ClockConfig
 .text.HAL_RCC_GetHCLKFreq
                0x080014f4        0xc Drivers\STM32F4xx_HAL_Driver\Src\stm32f4xx_hal_rcc.o
                0x080014f4                HAL_RCC_GetHCLKFreq
 .text.HAL_RCC_GetPCLK1Freq
                0x08001500       0x20 Drivers\STM32F4xx_HAL_Driver\Src\stm32f4xx_hal_rcc.o
                0x08001500                HAL_RCC_GetPCLK1Freq
 .text.HAL_RCC_GetPCLK2Freq
                0x08001520       0x20 Drivers\STM32F4xx_HAL_Driver\Src\stm32f4xx_hal_rcc.o
                0x08001520                HAL_RCC_GetPCLK2Freq
 .text.HAL_RCC_GetClockConfig
                0x08001540       0x3c Drivers\STM32F4xx_HAL_Driver\Src\stm32f4xx_hal_rcc.o
                0x08001540                HAL_RCC_GetClockConfig
 .text.HAL_TIM_Base_Start_IT
                0x0800157c       0x20 Drivers\STM32F4xx_HAL_Driver\Src\stm32f4xx_hal_tim.o
                0x0800157c                HAL_TIM_Base_Start_IT
 .text.HAL_TIM_OC_DelayElapsedCallback
                0x0800159c        0x2 Drivers\STM32F4xx_HAL_Driver\Src\stm32f4xx_hal_tim.o
                0x0800159c                HAL_TIM_OC_DelayElapsedCallback
 .text.HAL_TIM_IC_CaptureCallback
                0x0800159e        0x2 Drivers\STM32F4xx_HAL_Driver\Src\stm32f4xx_hal_tim.o
                0x0800159e                HAL_TIM_IC_CaptureCallback
 .text.HAL_TIM_PWM_PulseFinishedCallback
                0x080015a0        0x2 Drivers\STM32F4xx_HAL_Driver\Src\stm32f4xx_hal_tim.o
                0x080015a0                HAL_TIM_PWM_PulseFinishedCallback
 .text.HAL_TIM_TriggerCallback
                0x080015a2        0x2 Drivers\STM32F4xx_HAL_Driver\Src\stm32f4xx_hal_tim.o
                0x080015a2                HAL_TIM_TriggerCallback
 .text.HAL_TIM_IRQHandler
                0x080015a4      0x144 Drivers\STM32F4xx_HAL_Driver\Src\stm32f4xx_hal_tim.o
                0x080015a4                HAL_TIM_IRQHandler
 .text.TIM_Base_SetConfig
                0x080016e8       0xcc Drivers\STM32F4xx_HAL_Driver\Src\stm32f4xx_hal_tim.o
                0x080016e8                TIM_Base_SetConfig
 .text.HAL_TIM_Base_Init
                0x080017b4       0x34 Drivers\STM32F4xx_HAL_Driver\Src\stm32f4xx_hal_tim.o
                0x080017b4                HAL_TIM_Base_Init
 .text.TIM_ETR_SetConfig
                0x080017e8       0x14 Drivers\STM32F4xx_HAL_Driver\Src\stm32f4xx_hal_tim.o
                0x080017e8                TIM_ETR_SetConfig
 .text.HAL_TIM_ConfigClockSource
                0x080017fc      0x128 Drivers\STM32F4xx_HAL_Driver\Src\stm32f4xx_hal_tim.o
                0x080017fc                HAL_TIM_ConfigClockSource
 .text.HAL_TIMEx_MasterConfigSynchronization
                0x08001924       0x84 Drivers\STM32F4xx_HAL_Driver\Src\stm32f4xx_hal_tim_ex.o
                0x08001924                HAL_TIMEx_MasterConfigSynchronization
 .text.HAL_TIMEx_CommutCallback
                0x080019a8        0x2 Drivers\STM32F4xx_HAL_Driver\Src\stm32f4xx_hal_tim_ex.o
                0x080019a8                HAL_TIMEx_CommutCallback
 .text.HAL_TIMEx_BreakCallback
                0x080019aa        0x2 Drivers\STM32F4xx_HAL_Driver\Src\stm32f4xx_hal_tim_ex.o
                0x080019aa                HAL_TIMEx_BreakCallback
 .text.UART_SetConfig
                0x080019ac       0xdc Drivers\STM32F4xx_HAL_Driver\Src\stm32f4xx_hal_uart.o
 .text.UART_WaitOnFlagUntilTimeout.constprop.3
                0x08001a88       0x50 Drivers\STM32F4xx_HAL_Driver\Src\stm32f4xx_hal_uart.o
 .text.HAL_UART_Init
                0x08001ad8       0x5c Drivers\STM32F4xx_HAL_Driver\Src\stm32f4xx_hal_uart.o
                0x08001ad8                HAL_UART_Init
 .text.HAL_UART_Transmit
                0x08001b34       0xbe Drivers\STM32F4xx_HAL_Driver\Src\stm32f4xx_hal_uart.o
                0x08001b34                HAL_UART_Transmit
 .text.osKernelStart
                0x08001bf2        0xa Middlewares\Third_Party\FreeRTOS\Source\CMSIS_RTOS\cmsis_os.o
                0x08001bf2                osKernelStart
 .text.osKernelSysTick
                0x08001bfc        0xe Middlewares\Third_Party\FreeRTOS\Source\CMSIS_RTOS\cmsis_os.o
                0x08001bfc                osKernelSysTick
 .text.osThreadCreate
                0x08001c0a       0x50 Middlewares\Third_Party\FreeRTOS\Source\CMSIS_RTOS\cmsis_os.o
                0x08001c0a                osThreadCreate
 .text.osDelay  0x08001c5a       0x10 Middlewares\Third_Party\FreeRTOS\Source\CMSIS_RTOS\cmsis_os.o
                0x08001c5a                osDelay
 .text.osMutexCreate
                0x08001c6a        0xe Middlewares\Third_Party\FreeRTOS\Source\CMSIS_RTOS\cmsis_os.o
                0x08001c6a                osMutexCreate
 .text.osMutexWait
                0x08001c78       0x4c Middlewares\Third_Party\FreeRTOS\Source\CMSIS_RTOS\cmsis_os.o
                0x08001c78                osMutexWait
 .text.osSemaphoreCreate
                0x08001cc4       0x4c Middlewares\Third_Party\FreeRTOS\Source\CMSIS_RTOS\cmsis_os.o
                0x08001cc4                osSemaphoreCreate
 .text.osSemaphoreWait
                0x08001d10       0x4c Middlewares\Third_Party\FreeRTOS\Source\CMSIS_RTOS\cmsis_os.o
                0x08001d10                osSemaphoreWait
 .text.osSemaphoreRelease
                0x08001d5c       0x48 Middlewares\Third_Party\FreeRTOS\Source\CMSIS_RTOS\cmsis_os.o
                0x08001d5c                osSemaphoreRelease
 .text.osMutexRelease
                0x08001da4        0x4 Middlewares\Third_Party\FreeRTOS\Source\CMSIS_RTOS\cmsis_os.o
                0x08001da4                osMutexRelease
 .text.osMessageCreate
                0x08001da8       0x28 Middlewares\Third_Party\FreeRTOS\Source\CMSIS_RTOS\cmsis_os.o
                0x08001da8                osMessageCreate
 .text.osMessagePut
                0x08001dd0       0x50 Middlewares\Third_Party\FreeRTOS\Source\CMSIS_RTOS\cmsis_os.o
                0x08001dd0                osMessagePut
 .text.osMessageGet
                0x08001e20       0x74 Middlewares\Third_Party\FreeRTOS\Source\CMSIS_RTOS\cmsis_os.o
                0x08001e20                osMessageGet
 .text.vListInitialise
                0x08001e94       0x16 Middlewares\Third_Party\FreeRTOS\Source\list.o
                0x08001e94                vListInitialise
 .text.vListInitialiseItem
                0x08001eaa        0x6 Middlewares\Third_Party\FreeRTOS\Source\list.o
                0x08001eaa                vListInitialiseItem
 .text.vListInsertEnd
                0x08001eb0       0x18 Middlewares\Third_Party\FreeRTOS\Source\list.o
                0x08001eb0                vListInsertEnd
 .text.vListInsert
                0x08001ec8       0x2e Middlewares\Third_Party\FreeRTOS\Source\list.o
                0x08001ec8                vListInsert
 .text.uxListRemove
                0x08001ef6       0x22 Middlewares\Third_Party\FreeRTOS\Source\list.o
                0x08001ef6                uxListRemove
 .text.prvTaskExitError
                0x08001f18       0x40 Middlewares\Third_Party\FreeRTOS\Source\portable\GCC\ARM_CM4F\port.o
 .text.unlikely.prvPortStartFirstTask
                0x08001f58       0x28 Middlewares\Third_Party\FreeRTOS\Source\portable\GCC\ARM_CM4F\port.o
 .text.unlikely.vPortEnableVFP
                0x08001f80       0x14 Middlewares\Third_Party\FreeRTOS\Source\portable\GCC\ARM_CM4F\port.o
 .text.pxPortInitialiseStack
                0x08001f94       0x2c Middlewares\Third_Party\FreeRTOS\Source\portable\GCC\ARM_CM4F\port.o
                0x08001f94                pxPortInitialiseStack
 .text.SVC_Handler
                0x08001fc0       0x24 Middlewares\Third_Party\FreeRTOS\Source\portable\GCC\ARM_CM4F\port.o
                0x08001fc0                SVC_Handler
 .text.vPortEnterCritical
                0x08001fe4       0x44 Middlewares\Third_Party\FreeRTOS\Source\portable\GCC\ARM_CM4F\port.o
                0x08001fe4                vPortEnterCritical
 .text.vPortExitCritical
                0x08002028       0x28 Middlewares\Third_Party\FreeRTOS\Source\portable\GCC\ARM_CM4F\port.o
                0x08002028                vPortExitCritical
 .text.PendSV_Handler
                0x08002050       0x64 Middlewares\Third_Party\FreeRTOS\Source\portable\GCC\ARM_CM4F\port.o
                0x08002050                PendSV_Handler
 .text.SysTick_Handler
                0x080020b4       0x2c Middlewares\Third_Party\FreeRTOS\Source\portable\GCC\ARM_CM4F\port.o
                0x080020b4                SysTick_Handler
 .text.vPortSetupTimerInterrupt
                0x080020e0       0x34 Middlewares\Third_Party\FreeRTOS\Source\portable\GCC\ARM_CM4F\port.o
                0x080020e0                vPortSetupTimerInterrupt
 .text.xPortStartScheduler
                0x08002114      0x10c Middlewares\Third_Party\FreeRTOS\Source\portable\GCC\ARM_CM4F\port.o
                0x08002114                xPortStartScheduler
 .text.vPortValidateInterruptPriority
                0x08002220       0x5c Middlewares\Third_Party\FreeRTOS\Source\portable\GCC\ARM_CM4F\port.o
                0x08002220                vPortValidateInterruptPriority
 .text.unlikely.prvInsertBlockIntoFreeList
                0x0800227c       0x48 Middlewares\Third_Party\FreeRTOS\Source\portable\MemMang\heap_4.o
 .text.pvPortMalloc
                0x080022c4      0x11c Middlewares\Third_Party\FreeRTOS\Source\portable\MemMang\heap_4.o
                0x080022c4                pvPortMalloc
 .text.vPortFree
                0x080023e0       0x70 Middlewares\Third_Party\FreeRTOS\Source\portable\MemMang\heap_4.o
                0x080023e0                vPortFree
 .text.prvIsQueueEmpty
                0x08002450       0x16 Middlewares\Third_Party\FreeRTOS\Source\queue.o
 .text.unlikely.prvCopyDataToQueue
                0x08002466       0x66 Middlewares\Third_Party\FreeRTOS\Source\queue.o
 .text.unlikely.prvCopyDataFromQueue
                0x080024cc       0x2a Middlewares\Third_Party\FreeRTOS\Source\queue.o
 .text.prvUnlockQueue
                0x080024f6       0x70 Middlewares\Third_Party\FreeRTOS\Source\queue.o
 *fill*         0x08002566        0x2 
 .text.xQueueGenericReset
                0x08002568       0x80 Middlewares\Third_Party\FreeRTOS\Source\queue.o
                0x08002568                xQueueGenericReset
 .text.xQueueGenericCreateStatic
                0x080025e8       0x92 Middlewares\Third_Party\FreeRTOS\Source\queue.o
                0x080025e8                xQueueGenericCreateStatic
 .text.xQueueGenericCreate
                0x0800267a       0x48 Middlewares\Third_Party\FreeRTOS\Source\queue.o
                0x0800267a                xQueueGenericCreate
 *fill*         0x080026c2        0x2 
 .text.xQueueGenericSend
                0x080026c4      0x16c Middlewares\Third_Party\FreeRTOS\Source\queue.o
                0x080026c4                xQueueGenericSend
 .text.prvInitialiseMutex
                0x08002830       0x14 Middlewares\Third_Party\FreeRTOS\Source\queue.o
 .text.xQueueCreateMutex
                0x08002844       0x16 Middlewares\Third_Party\FreeRTOS\Source\queue.o
                0x08002844                xQueueCreateMutex
 .text.xQueueCreateMutexStatic
                0x0800285a       0x1c Middlewares\Third_Party\FreeRTOS\Source\queue.o
                0x0800285a                xQueueCreateMutexStatic
 .text.xQueueGenericSendFromISR
                0x08002876       0xc4 Middlewares\Third_Party\FreeRTOS\Source\queue.o
                0x08002876                xQueueGenericSendFromISR
 .text.xQueueGiveFromISR
                0x0800293a       0xa8 Middlewares\Third_Party\FreeRTOS\Source\queue.o
                0x0800293a                xQueueGiveFromISR
 *fill*         0x080029e2        0x2 
 .text.xQueueReceive
                0x080029e4      0x148 Middlewares\Third_Party\FreeRTOS\Source\queue.o
                0x080029e4                xQueueReceive
 .text.xQueueSemaphoreTake
                0x08002b2c      0x180 Middlewares\Third_Party\FreeRTOS\Source\queue.o
                0x08002b2c                xQueueSemaphoreTake
 .text.xQueueReceiveFromISR
                0x08002cac       0xa0 Middlewares\Third_Party\FreeRTOS\Source\queue.o
                0x08002cac                xQueueReceiveFromISR
 .text.prvAddNewTaskToReadyList
                0x08002d4c       0xf8 Middlewares\Third_Party\FreeRTOS\Source\tasks.o
 .text.prvResetNextTaskUnblockTime
                0x08002e44       0x24 Middlewares\Third_Party\FreeRTOS\Source\tasks.o
 .text.prvInitialiseNewTask.isra.2
                0x08002e68       0x82 Middlewares\Third_Party\FreeRTOS\Source\tasks.o
 .text.prvDeleteTCB
                0x08002eea       0x36 Middlewares\Third_Party\FreeRTOS\Source\tasks.o
 .text.prvIdleTask
                0x08002f20       0x64 Middlewares\Third_Party\FreeRTOS\Source\tasks.o
 .text.prvAddCurrentTaskToDelayedList
                0x08002f84       0x8c Middlewares\Third_Party\FreeRTOS\Source\tasks.o
 .text.xTaskCreateStatic
                0x08003010       0x6e Middlewares\Third_Party\FreeRTOS\Source\tasks.o
                0x08003010                xTaskCreateStatic
 .text.xTaskCreate
                0x0800307e       0x5a Middlewares\Third_Party\FreeRTOS\Source\tasks.o
                0x0800307e                xTaskCreate
 .text.vTaskStartScheduler
                0x080030d8       0x6c Middlewares\Third_Party\FreeRTOS\Source\tasks.o
                0x080030d8                vTaskStartScheduler
 .text.vTaskSuspendAll
                0x08003144       0x10 Middlewares\Third_Party\FreeRTOS\Source\tasks.o
                0x08003144                vTaskSuspendAll
 .text.xTaskGetTickCount
                0x08003154        0xc Middlewares\Third_Party\FreeRTOS\Source\tasks.o
                0x08003154                xTaskGetTickCount
 .text.xTaskGetTickCountFromISR
                0x08003160       0x10 Middlewares\Third_Party\FreeRTOS\Source\tasks.o
                0x08003160                xTaskGetTickCountFromISR
 .text.xTaskIncrementTick
                0x08003170      0x124 Middlewares\Third_Party\FreeRTOS\Source\tasks.o
                0x08003170                xTaskIncrementTick
 .text.xTaskResumeAll
                0x08003294       0xf0 Middlewares\Third_Party\FreeRTOS\Source\tasks.o
                0x08003294                xTaskResumeAll
 .text.vTaskDelay
                0x08003384       0x48 Middlewares\Third_Party\FreeRTOS\Source\tasks.o
                0x08003384                vTaskDelay
 .text.vTaskSwitchContext
                0x080033cc       0x74 Middlewares\Third_Party\FreeRTOS\Source\tasks.o
                0x080033cc                vTaskSwitchContext
 .text.vTaskPlaceOnEventList
                0x08003440       0x34 Middlewares\Third_Party\FreeRTOS\Source\tasks.o
                0x08003440                vTaskPlaceOnEventList
 .text.xTaskRemoveFromEventList
                0x08003474       0x84 Middlewares\Third_Party\FreeRTOS\Source\tasks.o
                0x08003474                xTaskRemoveFromEventList
 .text.vTaskInternalSetTimeOutState
                0x080034f8       0x18 Middlewares\Third_Party\FreeRTOS\Source\tasks.o
                0x080034f8                vTaskInternalSetTimeOutState
 .text.xTaskCheckForTimeOut
                0x08003510       0x78 Middlewares\Third_Party\FreeRTOS\Source\tasks.o
                0x08003510                xTaskCheckForTimeOut
 .text.vTaskMissedYield
                0x08003588        0xc Middlewares\Third_Party\FreeRTOS\Source\tasks.o
                0x08003588                vTaskMissedYield
 .text.xTaskGetSchedulerState
                0x08003594       0x20 Middlewares\Third_Party\FreeRTOS\Source\tasks.o
                0x08003594                xTaskGetSchedulerState
 .text.xTaskPriorityInherit
                0x080035b4       0xa8 Middlewares\Third_Party\FreeRTOS\Source\tasks.o
                0x080035b4                xTaskPriorityInherit
 .text.xTaskPriorityDisinherit
                0x0800365c       0xa0 Middlewares\Third_Party\FreeRTOS\Source\tasks.o
                0x0800365c                xTaskPriorityDisinherit
 .text.vTaskPriorityDisinheritAfterTimeout
                0x080036fc       0xb4 Middlewares\Third_Party\FreeRTOS\Source\tasks.o
                0x080036fc                vTaskPriorityDisinheritAfterTimeout
 .text.pvTaskIncrementMutexHeldCount
                0x080037b0       0x18 Middlewares\Third_Party\FreeRTOS\Source\tasks.o
                0x080037b0                pvTaskIncrementMutexHeldCount
 .text.tcpip_thread
                0x080037c8       0x94 Middlewares\Third_Party\LwIP\src\api\tcpip.o
 .text.tcpip_inpkt
                0x0800385c       0x58 Middlewares\Third_Party\LwIP\src\api\tcpip.o
                0x0800385c                tcpip_inpkt
 .text.tcpip_input
                0x080038b4       0x1c Middlewares\Third_Party\LwIP\src\api\tcpip.o
                0x080038b4                tcpip_input
 .text.tcpip_init
                0x080038d0       0x7c Middlewares\Third_Party\LwIP\src\api\tcpip.o
                0x080038d0                tcpip_init
 .text.mqtt_output_append_u16
                0x0800394c       0x1a Middlewares\Third_Party\LwIP\src\apps\mqtt\mqtt.o
 .text.mqtt_output_append_string
                0x08003966       0x36 Middlewares\Third_Party\LwIP\src\apps\mqtt\mqtt.o
 .text.mqtt_create_request
                0x0800399c       0x44 Middlewares\Third_Party\LwIP\src\apps\mqtt\mqtt.o
 .text.mqtt_output_check_space
                0x080039e0       0x44 Middlewares\Third_Party\LwIP\src\apps\mqtt\mqtt.o
 .text.mqtt_append_request
                0x08003a24       0x5c Middlewares\Third_Party\LwIP\src\apps\mqtt\mqtt.o
 .text.mqtt_take_request
                0x08003a80       0x54 Middlewares\Third_Party\LwIP\src\apps\mqtt\mqtt.o
 .text.mqtt_output_send
                0x08003ad4       0x9c Middlewares\Third_Party\LwIP\src\apps\mqtt\mqtt.o
 .text.mqtt_tcp_poll_cb
                0x08003b70       0x12 Middlewares\Third_Party\LwIP\src\apps\mqtt\mqtt.o
 *fill*         0x08003b82        0x2 
 .text.mqtt_tcp_connect_cb
                0x08003b84       0x58 Middlewares\Third_Party\LwIP\src\apps\mqtt\mqtt.o
 .text.mqtt_close
                0x08003bdc       0x80 Middlewares\Third_Party\LwIP\src\apps\mqtt\mqtt.o
 .text.mqtt_tcp_err_cb
                0x08003c5c       0x34 Middlewares\Third_Party\LwIP\src\apps\mqtt\mqtt.o
 .text.mqtt_tcp_sent_cb
                0x08003c90       0x3c Middlewares\Third_Party\LwIP\src\apps\mqtt\mqtt.o
 .text.mqtt_output_append_fixed_header.constprop.5
                0x08003ccc       0x44 Middlewares\Third_Party\LwIP\src\apps\mqtt\mqtt.o
 .text.mqtt_cyclic_timer
                0x08003d10       0xf4 Middlewares\Third_Party\LwIP\src\apps\mqtt\mqtt.o
 .text.pub_ack_rec_rel_response
                0x08003e04       0x48 Middlewares\Third_Party\LwIP\src\apps\mqtt\mqtt.o
 .text.mqtt_message_received
                0x08003e4c      0x184 Middlewares\Third_Party\LwIP\src\apps\mqtt\mqtt.o
 .text.mqtt_tcp_recv_cb
                0x08003fd0      0x18c Middlewares\Third_Party\LwIP\src\apps\mqtt\mqtt.o
 .text.mqtt_publish
                0x0800415c      0x164 Middlewares\Third_Party\LwIP\src\apps\mqtt\mqtt.o
                0x0800415c                mqtt_publish
 .text.mqtt_sub_unsub
                0x080042c0      0x154 Middlewares\Third_Party\LwIP\src\apps\mqtt\mqtt.o
                0x080042c0                mqtt_sub_unsub
 .text.mqtt_set_inpub_callback
                0x08004414       0x30 Middlewares\Third_Party\LwIP\src\apps\mqtt\mqtt.o
                0x08004414                mqtt_set_inpub_callback
 .text.mqtt_client_new
                0x08004444       0x1c Middlewares\Third_Party\LwIP\src\apps\mqtt\mqtt.o
                0x08004444                mqtt_client_new
 .text.mqtt_client_connect
                0x08004460      0x244 Middlewares\Third_Party\LwIP\src\apps\mqtt\mqtt.o
                0x08004460                mqtt_client_connect
 .text.lwip_htons
                0x080046a4        0x6 Middlewares\Third_Party\LwIP\src\core\def.o
                0x080046a4                lwip_htons
 .text.lwip_htonl
                0x080046aa        0x4 Middlewares\Third_Party\LwIP\src\core\def.o
                0x080046aa                lwip_htonl
 .text.lwip_init
                0x080046ae       0x22 Middlewares\Third_Party\LwIP\src\core\init.o
                0x080046ae                lwip_init
 .text.etharp_free_entry
                0x080046d0       0x28 Middlewares\Third_Party\LwIP\src\core\ipv4\etharp.o
 .text.etharp_raw
                0x080046f8       0xd8 Middlewares\Third_Party\LwIP\src\core\ipv4\etharp.o
 .text.etharp_find_entry.isra.0
                0x080047d0      0x114 Middlewares\Third_Party\LwIP\src\core\ipv4\etharp.o
 .text.etharp_cleanup_netif
                0x080048e4       0x28 Middlewares\Third_Party\LwIP\src\core\ipv4\etharp.o
                0x080048e4                etharp_cleanup_netif
 .text.etharp_input
                0x0800490c      0x13c Middlewares\Third_Party\LwIP\src\core\ipv4\etharp.o
                0x0800490c                etharp_input
 .text.etharp_request
                0x08004a48       0x2c Middlewares\Third_Party\LwIP\src\core\ipv4\etharp.o
                0x08004a48                etharp_request
 .text.etharp_tmr
                0x08004a74       0x54 Middlewares\Third_Party\LwIP\src\core\ipv4\etharp.o
                0x08004a74                etharp_tmr
 .text.etharp_output_to_arp_index
                0x08004ac8       0xb8 Middlewares\Third_Party\LwIP\src\core\ipv4\etharp.o
 .text.etharp_query
                0x08004b80      0x150 Middlewares\Third_Party\LwIP\src\core\ipv4\etharp.o
                0x08004b80                etharp_query
 .text.etharp_output
                0x08004cd0      0x128 Middlewares\Third_Party\LwIP\src\core\ipv4\etharp.o
                0x08004cd0                etharp_output
 .text.icmp_send_response.isra.0
                0x08004df8       0x94 Middlewares\Third_Party\LwIP\src\core\ipv4\icmp.o
 .text.icmp_input
                0x08004e8c      0x130 Middlewares\Third_Party\LwIP\src\core\ipv4\icmp.o
                0x08004e8c                icmp_input
 .text.icmp_dest_unreach
                0x08004fbc        0xa Middlewares\Third_Party\LwIP\src\core\ipv4\icmp.o
                0x08004fbc                icmp_dest_unreach
 .text.icmp_time_exceeded
                0x08004fc6        0xa Middlewares\Third_Party\LwIP\src\core\ipv4\icmp.o
                0x08004fc6                icmp_time_exceeded
 .text.ip4_route
                0x08004fd0       0x58 Middlewares\Third_Party\LwIP\src\core\ipv4\ip4.o
                0x08004fd0                ip4_route
 .text.ip4_input
                0x08005028      0x184 Middlewares\Third_Party\LwIP\src\core\ipv4\ip4.o
                0x08005028                ip4_input
 .text.ip4_output_if_src
                0x080051ac       0xf0 Middlewares\Third_Party\LwIP\src\core\ipv4\ip4.o
                0x080051ac                ip4_output_if_src
 .text.ip4_output_if
                0x0800529c       0x22 Middlewares\Third_Party\LwIP\src\core\ipv4\ip4.o
                0x0800529c                ip4_output_if
 .text.ip4_addr_isbroadcast_u32
                0x080052be       0x32 Middlewares\Third_Party\LwIP\src\core\ipv4\ip4_addr.o
                0x080052be                ip4_addr_isbroadcast_u32
 .text.ip_reass_dequeue_datagram
                0x080052f0       0x44 Middlewares\Third_Party\LwIP\src\core\ipv4\ip4_frag.o
 .text.ip_reass_free_complete_datagram
                0x08005334       0xe8 Middlewares\Third_Party\LwIP\src\core\ipv4\ip4_frag.o
 .text.ip_reass_remove_oldest_datagram
                0x0800541c       0x78 Middlewares\Third_Party\LwIP\src\core\ipv4\ip4_frag.o
 .text.ip_frag_free_pbuf_custom_ref
                0x08005494       0x2c Middlewares\Third_Party\LwIP\src\core\ipv4\ip4_frag.o
 .text.ipfrag_free_pbuf_custom
                0x080054c0       0x34 Middlewares\Third_Party\LwIP\src\core\ipv4\ip4_frag.o
 .text.ip_reass_tmr
                0x080054f4       0x28 Middlewares\Third_Party\LwIP\src\core\ipv4\ip4_frag.o
                0x080054f4                ip_reass_tmr
 .text.ip4_reass
                0x0800551c      0x354 Middlewares\Third_Party\LwIP\src\core\ipv4\ip4_frag.o
                0x0800551c                ip4_reass
 .text.ip4_frag
                0x08005870      0x1b4 Middlewares\Third_Party\LwIP\src\core\ipv4\ip4_frag.o
                0x08005870                ip4_frag
 .text.mem_init
                0x08005a24       0x68 Middlewares\Third_Party\LwIP\src\core\mem.o
                0x08005a24                mem_init
 .text.mem_free
                0x08005a8c      0x170 Middlewares\Third_Party\LwIP\src\core\mem.o
                0x08005a8c                mem_free
 .text.mem_trim
                0x08005bfc      0x118 Middlewares\Third_Party\LwIP\src\core\mem.o
                0x08005bfc                mem_trim
 .text.mem_malloc
                0x08005d14      0x13c Middlewares\Third_Party\LwIP\src\core\mem.o
                0x08005d14                mem_malloc
 .text.do_memp_malloc_pool.isra.0
                0x08005e50       0x3c Middlewares\Third_Party\LwIP\src\core\memp.o
 .text.do_memp_free_pool.isra.1
                0x08005e8c       0x38 Middlewares\Third_Party\LwIP\src\core\memp.o
 .text.memp_init_pool
                0x08005ec4       0x26 Middlewares\Third_Party\LwIP\src\core\memp.o
                0x08005ec4                memp_init_pool
 *fill*         0x08005eea        0x2 
 .text.memp_init
                0x08005eec       0x1c Middlewares\Third_Party\LwIP\src\core\memp.o
                0x08005eec                memp_init
 .text.memp_malloc
                0x08005f08       0x38 Middlewares\Third_Party\LwIP\src\core\memp.o
                0x08005f08                memp_malloc
 .text.memp_free
                0x08005f40       0x34 Middlewares\Third_Party\LwIP\src\core\memp.o
                0x08005f40                memp_free
 .text.netif_issue_reports.part.0
                0x08005f74       0x12 Middlewares\Third_Party\LwIP\src\core\netif.o
 .text.netif_init
                0x08005f86        0x2 Middlewares\Third_Party\LwIP\src\core\netif.o
                0x08005f86                netif_init
 .text.netif_set_ipaddr
                0x08005f88       0x44 Middlewares\Third_Party\LwIP\src\core\netif.o
                0x08005f88                netif_set_ipaddr
 .text.netif_set_addr
                0x08005fcc       0x38 Middlewares\Third_Party\LwIP\src\core\netif.o
                0x08005fcc                netif_set_addr
 .text.netif_add
                0x08006004       0x7c Middlewares\Third_Party\LwIP\src\core\netif.o
                0x08006004                netif_add
 .text.netif_set_default
                0x08006080        0xc Middlewares\Third_Party\LwIP\src\core\netif.o
                0x08006080                netif_set_default
 .text.netif_set_up
                0x0800608c       0x1e Middlewares\Third_Party\LwIP\src\core\netif.o
                0x0800608c                netif_set_up
 .text.netif_set_down
                0x080060aa       0x1a Middlewares\Third_Party\LwIP\src\core\netif.o
                0x080060aa                netif_set_down
 .text.pbuf_skip_const
                0x080060c4       0x16 Middlewares\Third_Party\LwIP\src\core\pbuf.o
 *fill*         0x080060da        0x2 
 .text.pbuf_header_impl
                0x080060dc       0x9c Middlewares\Third_Party\LwIP\src\core\pbuf.o
 .text.pbuf_alloced_custom
                0x08006178       0x70 Middlewares\Third_Party\LwIP\src\core\pbuf.o
                0x08006178                pbuf_alloced_custom
 .text.pbuf_header
                0x080061e8        0x6 Middlewares\Third_Party\LwIP\src\core\pbuf.o
                0x080061e8                pbuf_header
 .text.pbuf_header_force
                0x080061ee        0x6 Middlewares\Third_Party\LwIP\src\core\pbuf.o
                0x080061ee                pbuf_header_force
 .text.pbuf_free
                0x080061f4       0xd4 Middlewares\Third_Party\LwIP\src\core\pbuf.o
                0x080061f4                pbuf_free
 .text.pbuf_alloc
                0x080062c8      0x1b8 Middlewares\Third_Party\LwIP\src\core\pbuf.o
                0x080062c8                pbuf_alloc
 .text.pbuf_realloc
                0x08006480       0xe0 Middlewares\Third_Party\LwIP\src\core\pbuf.o
                0x08006480                pbuf_realloc
 .text.pbuf_clen
                0x08006560       0x10 Middlewares\Third_Party\LwIP\src\core\pbuf.o
                0x08006560                pbuf_clen
 .text.pbuf_ref
                0x08006570       0x38 Middlewares\Third_Party\LwIP\src\core\pbuf.o
                0x08006570                pbuf_ref
 .text.pbuf_cat
                0x080065a8       0x74 Middlewares\Third_Party\LwIP\src\core\pbuf.o
                0x080065a8                pbuf_cat
 .text.pbuf_copy
                0x0800661c      0x114 Middlewares\Third_Party\LwIP\src\core\pbuf.o
                0x0800661c                pbuf_copy
 .text.pbuf_copy_partial
                0x08006730       0x8c Middlewares\Third_Party\LwIP\src\core\pbuf.o
                0x08006730                pbuf_copy_partial
 .text.pbuf_try_get_at
                0x080067bc       0x26 Middlewares\Third_Party\LwIP\src\core\pbuf.o
                0x080067bc                pbuf_try_get_at
 .text.pbuf_get_at
                0x080067e2        0xe Middlewares\Third_Party\LwIP\src\core\pbuf.o
                0x080067e2                pbuf_get_at
 .text.tcp_new_port
                0x080067f0       0x50 Middlewares\Third_Party\LwIP\src\core\tcp.o
 .text.tcp_close_shutdown_fin
                0x08006840       0x60 Middlewares\Third_Party\LwIP\src\core\tcp.o
 .text.tcp_init
                0x080068a0        0x2 Middlewares\Third_Party\LwIP\src\core\tcp.o
                0x080068a0                tcp_init
 *fill*         0x080068a2        0x2 
 .text.tcp_bind
                0x080068a4       0x94 Middlewares\Third_Party\LwIP\src\core\tcp.o
                0x080068a4                tcp_bind
 .text.tcp_update_rcv_ann_wnd
                0x08006938       0x58 Middlewares\Third_Party\LwIP\src\core\tcp.o
                0x08006938                tcp_update_rcv_ann_wnd
 .text.tcp_recved
                0x08006990       0x80 Middlewares\Third_Party\LwIP\src\core\tcp.o
                0x08006990                tcp_recved
 .text.tcp_seg_free
                0x08006a10       0x1c Middlewares\Third_Party\LwIP\src\core\tcp.o
                0x08006a10                tcp_seg_free
 .text.tcp_segs_free
                0x08006a2c       0x10 Middlewares\Third_Party\LwIP\src\core\tcp.o
                0x08006a2c                tcp_segs_free
 .text.tcp_arg  0x08006a3c        0x6 Middlewares\Third_Party\LwIP\src\core\tcp.o
                0x08006a3c                tcp_arg
 *fill*         0x08006a42        0x2 
 .text.tcp_recv
                0x08006a44       0x2c Middlewares\Third_Party\LwIP\src\core\tcp.o
                0x08006a44                tcp_recv
 .text.tcp_sent
                0x08006a70       0x2c Middlewares\Third_Party\LwIP\src\core\tcp.o
                0x08006a70                tcp_sent
 .text.tcp_err  0x08006a9c       0x30 Middlewares\Third_Party\LwIP\src\core\tcp.o
                0x08006a9c                tcp_err
 .text.tcp_poll
                0x08006acc       0x30 Middlewares\Third_Party\LwIP\src\core\tcp.o
                0x08006acc                tcp_poll
 .text.tcp_pcb_purge
                0x08006afc       0x38 Middlewares\Third_Party\LwIP\src\core\tcp.o
                0x08006afc                tcp_pcb_purge
 .text.tcp_slowtmr
                0x08006b34      0x3a0 Middlewares\Third_Party\LwIP\src\core\tcp.o
                0x08006b34                tcp_slowtmr
 .text.tcp_pcb_remove
                0x08006ed4       0x88 Middlewares\Third_Party\LwIP\src\core\tcp.o
                0x08006ed4                tcp_pcb_remove
 .text.tcp_close_shutdown
                0x08006f5c      0x14c Middlewares\Third_Party\LwIP\src\core\tcp.o
 .text.tcp_close
                0x080070a8       0x14 Middlewares\Third_Party\LwIP\src\core\tcp.o
                0x080070a8                tcp_close
 .text.tcp_recv_null
                0x080070bc       0x24 Middlewares\Third_Party\LwIP\src\core\tcp.o
                0x080070bc                tcp_recv_null
 .text.tcp_process_refused_data
                0x080070e0       0x64 Middlewares\Third_Party\LwIP\src\core\tcp.o
                0x080070e0                tcp_process_refused_data
 .text.tcp_fasttmr
                0x08007144       0x80 Middlewares\Third_Party\LwIP\src\core\tcp.o
                0x08007144                tcp_fasttmr
 .text.tcp_tmr  0x080071c4       0x24 Middlewares\Third_Party\LwIP\src\core\tcp.o
                0x080071c4                tcp_tmr
 .text.tcp_abandon
                0x080071e8       0xe4 Middlewares\Third_Party\LwIP\src\core\tcp.o
                0x080071e8                tcp_abandon
 .text.tcp_abort
                0x080072cc        0x6 Middlewares\Third_Party\LwIP\src\core\tcp.o
                0x080072cc                tcp_abort
 .text.tcp_netif_ip_addr_changed_pcblist
                0x080072d2       0x1c Middlewares\Third_Party\LwIP\src\core\tcp.o
 *fill*         0x080072ee        0x2 
 .text.tcp_kill_state
                0x080072f0       0x60 Middlewares\Third_Party\LwIP\src\core\tcp.o
 .text.tcp_alloc
                0x08007350      0x110 Middlewares\Third_Party\LwIP\src\core\tcp.o
                0x08007350                tcp_alloc
 .text.tcp_new  0x08007460        0x6 Middlewares\Third_Party\LwIP\src\core\tcp.o
                0x08007460                tcp_new
 *fill*         0x08007466        0x2 
 .text.tcp_next_iss
                0x08007468       0x18 Middlewares\Third_Party\LwIP\src\core\tcp.o
                0x08007468                tcp_next_iss
 .text.tcp_eff_send_mss_impl
                0x08007480       0x1e Middlewares\Third_Party\LwIP\src\core\tcp.o
                0x08007480                tcp_eff_send_mss_impl
 *fill*         0x0800749e        0x2 
 .text.tcp_connect
                0x080074a0      0x100 Middlewares\Third_Party\LwIP\src\core\tcp.o
                0x080074a0                tcp_connect
 .text.tcp_netif_ip_addr_changed
                0x080075a0       0x4c Middlewares\Third_Party\LwIP\src\core\tcp.o
                0x080075a0                tcp_netif_ip_addr_changed
 .text.tcp_receive
                0x080075ec      0x5fc Middlewares\Third_Party\LwIP\src\core\tcp_in.o
 .text.tcp_getoptbyte
                0x08007be8       0x40 Middlewares\Third_Party\LwIP\src\core\tcp_in.o
 .text.tcp_parseopt.isra.1.part.2
                0x08007c28       0x78 Middlewares\Third_Party\LwIP\src\core\tcp_in.o
 .text.tcp_input_delayed_close
                0x08007ca0       0x40 Middlewares\Third_Party\LwIP\src\core\tcp_in.o
 .text.tcp_input
                0x08007ce0      0x9f8 Middlewares\Third_Party\LwIP\src\core\tcp_in.o
                0x08007ce0                tcp_input
 .text.tcp_trigger_input_pcb_close
                0x080086d8       0x10 Middlewares\Third_Party\LwIP\src\core\tcp_in.o
                0x080086d8                tcp_trigger_input_pcb_close
 .text.tcp_pbuf_prealloc
                0x080086e8       0x74 Middlewares\Third_Party\LwIP\src\core\tcp_out.o
 .text.tcp_create_segment
                0x0800875c       0xd0 Middlewares\Third_Party\LwIP\src\core\tcp_out.o
 .text.tcp_output_alloc_header.constprop.0
                0x0800882c       0x78 Middlewares\Third_Party\LwIP\src\core\tcp_out.o
 .text.tcp_write
                0x080088a4      0x52c Middlewares\Third_Party\LwIP\src\core\tcp_out.o
                0x080088a4                tcp_write
 .text.tcp_enqueue_flags
                0x08008dd0      0x130 Middlewares\Third_Party\LwIP\src\core\tcp_out.o
                0x08008dd0                tcp_enqueue_flags
 .text.tcp_send_fin
                0x08008f00       0x44 Middlewares\Third_Party\LwIP\src\core\tcp_out.o
                0x08008f00                tcp_send_fin
 .text.tcp_send_empty_ack
                0x08008f44       0x6a Middlewares\Third_Party\LwIP\src\core\tcp_out.o
                0x08008f44                tcp_send_empty_ack
 *fill*         0x08008fae        0x2 
 .text.tcp_output
                0x08008fb0      0x2fc Middlewares\Third_Party\LwIP\src\core\tcp_out.o
                0x08008fb0                tcp_output
 .text.tcp_rst  0x080092ac       0xb4 Middlewares\Third_Party\LwIP\src\core\tcp_out.o
                0x080092ac                tcp_rst
 .text.tcp_rexmit_rto
                0x08009360       0x38 Middlewares\Third_Party\LwIP\src\core\tcp_out.o
                0x08009360                tcp_rexmit_rto
 .text.tcp_rexmit
                0x08009398       0x52 Middlewares\Third_Party\LwIP\src\core\tcp_out.o
                0x08009398                tcp_rexmit
 .text.tcp_rexmit_fast
                0x080093ea       0x4e Middlewares\Third_Party\LwIP\src\core\tcp_out.o
                0x080093ea                tcp_rexmit_fast
 .text.tcp_keepalive
                0x08009438       0x54 Middlewares\Third_Party\LwIP\src\core\tcp_out.o
                0x08009438                tcp_keepalive
 .text.tcp_zero_window_probe
                0x0800948c       0xc0 Middlewares\Third_Party\LwIP\src\core\tcp_out.o
                0x0800948c                tcp_zero_window_probe
 .text.sys_timeout
                0x0800954c       0xa4 Middlewares\Third_Party\LwIP\src\core\timeouts.o
                0x0800954c                sys_timeout
 .text.tcp_timer_needed
                0x080095f0       0x34 Middlewares\Third_Party\LwIP\src\core\timeouts.o
                0x080095f0                tcp_timer_needed
 .text.tcpip_tcp_timer
                0x08009624       0x38 Middlewares\Third_Party\LwIP\src\core\timeouts.o
 .text.sys_timeouts_init
                0x0800965c       0x38 Middlewares\Third_Party\LwIP\src\core\timeouts.o
                0x0800965c                sys_timeouts_init
 .text.cyclic_timer
                0x08009694       0x1c Middlewares\Third_Party\LwIP\src\core\timeouts.o
 .text.sys_untimeout
                0x080096b0       0x48 Middlewares\Third_Party\LwIP\src\core\timeouts.o
                0x080096b0                sys_untimeout
 .text.sys_timeouts_mbox_fetch
                0x080096f8       0xa4 Middlewares\Third_Party\LwIP\src\core\timeouts.o
                0x080096f8                sys_timeouts_mbox_fetch
 .text.udp_init
                0x0800979c        0x2 Middlewares\Third_Party\LwIP\src\core\udp.o
                0x0800979c                udp_init
 *fill*         0x0800979e        0x2 
 .text.udp_input
                0x080097a0      0x130 Middlewares\Third_Party\LwIP\src\core\udp.o
                0x080097a0                udp_input
 .text.udp_netif_ip_addr_changed
                0x080098d0       0x2c Middlewares\Third_Party\LwIP\src\core\udp.o
                0x080098d0                udp_netif_ip_addr_changed
 .text.ethernet_input
                0x080098fc       0x98 Middlewares\Third_Party\LwIP\src\netif\ethernet.o
                0x080098fc                ethernet_input
 .text.ethernet_output
                0x08009994       0x70 Middlewares\Third_Party\LwIP\src\netif\ethernet.o
                0x08009994                ethernet_output
 .text.sys_mbox_new
                0x08009a04       0x24 Middlewares\Third_Party\LwIP\system\OS\sys_arch.o
                0x08009a04                sys_mbox_new
 .text.sys_mbox_trypost
                0x08009a28       0x14 Middlewares\Third_Party\LwIP\system\OS\sys_arch.o
                0x08009a28                sys_mbox_trypost
 .text.sys_arch_mbox_fetch
                0x08009a3c       0x44 Middlewares\Third_Party\LwIP\system\OS\sys_arch.o
                0x08009a3c                sys_arch_mbox_fetch
 .text.sys_mbox_valid
                0x08009a80        0xa Middlewares\Third_Party\LwIP\system\OS\sys_arch.o
                0x08009a80                sys_mbox_valid
 *fill*         0x08009a8a        0x2 
 .text.sys_init
                0x08009a8c       0x18 Middlewares\Third_Party\LwIP\system\OS\sys_arch.o
                0x08009a8c                sys_init
 .text.sys_mutex_new
                0x08009aa4       0x1e Middlewares\Third_Party\LwIP\system\OS\sys_arch.o
                0x08009aa4                sys_mutex_new
 .text.sys_mutex_lock
                0x08009ac2        0xa Middlewares\Third_Party\LwIP\system\OS\sys_arch.o
                0x08009ac2                sys_mutex_lock
 .text.sys_mutex_unlock
                0x08009acc        0x6 Middlewares\Third_Party\LwIP\system\OS\sys_arch.o
                0x08009acc                sys_mutex_unlock
 .text.sys_thread_new
                0x08009ad2       0x2e Middlewares\Third_Party\LwIP\system\OS\sys_arch.o
                0x08009ad2                sys_thread_new
 .text.sys_arch_protect
                0x08009b00       0x18 Middlewares\Third_Party\LwIP\system\OS\sys_arch.o
                0x08009b00                sys_arch_protect
 .text.sys_arch_unprotect
                0x08009b18        0xc Middlewares\Third_Party\LwIP\system\OS\sys_arch.o
                0x08009b18                sys_arch_unprotect
 .text.low_level_output
                0x08009b24       0xa0 Src\ethernetif.o
 .text.ethernetif_input
                0x08009bc4      0x100 Src\ethernetif.o
                0x08009bc4                ethernetif_input
 .text.HAL_ETH_MspInit
                0x08009cc4       0xfc Src\ethernetif.o
                0x08009cc4                HAL_ETH_MspInit
 .text.HAL_ETH_RxCpltCallback
                0x08009dc0        0xc Src\ethernetif.o
                0x08009dc0                HAL_ETH_RxCpltCallback
 .text.ethernetif_init
                0x08009dcc      0x164 Src\ethernetif.o
                0x08009dcc                ethernetif_init
 .text.sys_now  0x08009f30        0x4 Src\ethernetif.o
                0x08009f30                sys_now
 .text.vApplicationGetIdleTaskMemory
                0x08009f34       0x18 Src\freertos.o
                0x08009f34                vApplicationGetIdleTaskMemory
 .text.MX_LWIP_Init
                0x08009f4c       0xe0 Src\lwip.o
                0x08009f4c                MX_LWIP_Init
 .text.mqtt_sub_request_cb
                0x0800a02c       0x34 Src\lwip_mqtt.o
 .text.mqtt_pub_request_cb
                0x0800a060       0x34 Src\lwip_mqtt.o
 .text.mqtt_incoming_data_cb
                0x0800a094       0x7c Src\lwip_mqtt.o
 .text.mqtt_incoming_publish_cb
                0x0800a110       0x58 Src\lwip_mqtt.o
 .text.example_do_connect
                0x0800a168       0x6c Src\lwip_mqtt.o
                0x0800a168                example_do_connect
 .text.mqtt_connection_cb
                0x0800a1d4       0xb8 Src\lwip_mqtt.o
 .text.example_publish
                0x0800a28c       0x64 Src\lwip_mqtt.o
                0x0800a28c                example_publish
 .text.StartDHT22
                0x0800a2f0        0xa Src\main.o
                0x0800a2f0                StartDHT22
 *fill*         0x0800a2fa        0x2 
 .text.StartDefaultTask
                0x0800a2fc       0x54 Src\main.o
                0x0800a2fc                StartDefaultTask
 .text.SystemClock_Config
                0x0800a350       0x98 Src\main.o
                0x0800a350                SystemClock_Config
 .text.startup.main
                0x0800a3e8      0x1bc Src\main.o
                0x0800a3e8                main
 .text.HAL_TIM_PeriodElapsedCallback
                0x0800a5a4       0x74 Src\main.o
                0x0800a5a4                HAL_TIM_PeriodElapsedCallback
 .text.HAL_MspInit
                0x0800a618       0x44 Src\stm32f4xx_hal_msp.o
                0x0800a618                HAL_MspInit
 .text.HAL_TIM_Base_MspInit
                0x0800a65c       0x6c Src\stm32f4xx_hal_msp.o
                0x0800a65c                HAL_TIM_Base_MspInit
 .text.HAL_UART_MspInit
                0x0800a6c8       0x6c Src\stm32f4xx_hal_msp.o
                0x0800a6c8                HAL_UART_MspInit
 .text.HAL_InitTick
                0x0800a734       0x7c Src\stm32f4xx_hal_timebase_tim.o
                0x0800a734                HAL_InitTick
 .text.NMI_Handler
                0x0800a7b0        0x2 Src\stm32f4xx_it.o
                0x0800a7b0                NMI_Handler
 .text.HardFault_Handler
                0x0800a7b2        0x2 Src\stm32f4xx_it.o
                0x0800a7b2                HardFault_Handler
 .text.MemManage_Handler
                0x0800a7b4        0x2 Src\stm32f4xx_it.o
                0x0800a7b4                MemManage_Handler
 .text.BusFault_Handler
                0x0800a7b6        0x2 Src\stm32f4xx_it.o
                0x0800a7b6                BusFault_Handler
 .text.UsageFault_Handler
                0x0800a7b8        0x2 Src\stm32f4xx_it.o
                0x0800a7b8                UsageFault_Handler
 .text.DebugMon_Handler
                0x0800a7ba        0x2 Src\stm32f4xx_it.o
                0x0800a7ba                DebugMon_Handler
 .text.TIM2_IRQHandler
                0x0800a7bc        0xc Src\stm32f4xx_it.o
                0x0800a7bc                TIM2_IRQHandler
 .text.TIM3_IRQHandler
                0x0800a7c8        0xc Src\stm32f4xx_it.o
                0x0800a7c8                TIM3_IRQHandler
 .text.TIM4_IRQHandler
                0x0800a7d4        0xc Src\stm32f4xx_it.o
                0x0800a7d4                TIM4_IRQHandler
 .text.ETH_IRQHandler
                0x0800a7e0        0xc Src\stm32f4xx_it.o
                0x0800a7e0                ETH_IRQHandler
 .text._read    0x0800a7ec       0x1c Src\syscalls.o
                0x0800a7ec                _read
 .text._write   0x0800a808       0x1c Src\syscalls.o
                0x0800a808                _write
 .text._sbrk    0x0800a824       0x34 Src\syscalls.o
                0x0800a824                _sbrk
 .text._close   0x0800a858        0x6 Src\syscalls.o
                0x0800a858                _close
 .text._fstat   0x0800a85e        0xa Src\syscalls.o
                0x0800a85e                _fstat
 .text._isatty  0x0800a868        0x4 Src\syscalls.o
                0x0800a868                _isatty
 .text._lseek   0x0800a86c        0x4 Src\syscalls.o
                0x0800a86c                _lseek
 .text.SystemInit
                0x0800a870       0x1c Src\system_stm32f4xx.o
                0x0800a870                SystemInit
 .text.Reset_Handler
                0x0800a88c       0x50 startup\startup_stm32f407xx.o
                0x0800a88c                Reset_Handler
 .text.Default_Handler
                0x0800a8dc        0x2 startup\startup_stm32f407xx.o
                0x0800a8dc                RTC_Alarm_IRQHandler
                0x0800a8dc                HASH_RNG_IRQHandler
                0x0800a8dc                EXTI2_IRQHandler
                0x0800a8dc                TIM8_CC_IRQHandler
                0x0800a8dc                TIM1_CC_IRQHandler
                0x0800a8dc                DMA2_Stream5_IRQHandler
                0x0800a8dc                DMA1_Stream5_IRQHandler
                0x0800a8dc                PVD_IRQHandler
                0x0800a8dc                SDIO_IRQHandler
                0x0800a8dc                TAMP_STAMP_IRQHandler
                0x0800a8dc                CAN2_RX1_IRQHandler
                0x0800a8dc                EXTI3_IRQHandler
                0x0800a8dc                TIM8_TRG_COM_TIM14_IRQHandler
                0x0800a8dc                TIM1_UP_TIM10_IRQHandler
                0x0800a8dc                TIM8_UP_TIM13_IRQHandler
                0x0800a8dc                I2C3_ER_IRQHandler
                0x0800a8dc                EXTI0_IRQHandler
                0x0800a8dc                I2C2_EV_IRQHandler
                0x0800a8dc                DMA1_Stream2_IRQHandler
                0x0800a8dc                CAN1_RX0_IRQHandler
                0x0800a8dc                FPU_IRQHandler
                0x0800a8dc                OTG_HS_WKUP_IRQHandler
                0x0800a8dc                CAN2_SCE_IRQHandler
                0x0800a8dc                DMA2_Stream2_IRQHandler
                0x0800a8dc                SPI1_IRQHandler
                0x0800a8dc                TIM6_DAC_IRQHandler
                0x0800a8dc                TIM1_BRK_TIM9_IRQHandler
                0x0800a8dc                DCMI_IRQHandler
                0x0800a8dc                CAN2_RX0_IRQHandler
                0x0800a8dc                DMA2_Stream3_IRQHandler
                0x0800a8dc                USART6_IRQHandler
                0x0800a8dc                USART3_IRQHandler
                0x0800a8dc                CAN1_RX1_IRQHandler
                0x0800a8dc                UART5_IRQHandler
                0x0800a8dc                DMA2_Stream0_IRQHandler
                0x0800a8dc                I2C1_EV_IRQHandler
                0x0800a8dc                DMA1_Stream6_IRQHandler
                0x0800a8dc                DMA1_Stream1_IRQHandler
                0x0800a8dc                UART4_IRQHandler
                0x0800a8dc                RCC_IRQHandler
                0x0800a8dc                TIM8_BRK_TIM12_IRQHandler
                0x0800a8dc                Default_Handler
                0x0800a8dc                EXTI15_10_IRQHandler
                0x0800a8dc                ADC_IRQHandler
                0x0800a8dc                DMA1_Stream7_IRQHandler
                0x0800a8dc                TIM7_IRQHandler
                0x0800a8dc                CAN2_TX_IRQHandler
                0x0800a8dc                TIM5_IRQHandler
                0x0800a8dc                DMA2_Stream7_IRQHandler
                0x0800a8dc                I2C3_EV_IRQHandler
                0x0800a8dc                EXTI9_5_IRQHandler
                0x0800a8dc                RTC_WKUP_IRQHandler
                0x0800a8dc                ETH_WKUP_IRQHandler
                0x0800a8dc                SPI2_IRQHandler
                0x0800a8dc                OTG_HS_EP1_IN_IRQHandler
                0x0800a8dc                DMA1_Stream0_IRQHandler
                0x0800a8dc                CAN1_TX_IRQHandler
                0x0800a8dc                EXTI4_IRQHandler
                0x0800a8dc                FSMC_IRQHandler
                0x0800a8dc                OTG_HS_EP1_OUT_IRQHandler
                0x0800a8dc                WWDG_IRQHandler
                0x0800a8dc                OTG_FS_WKUP_IRQHandler
                0x0800a8dc                TIM1_TRG_COM_TIM11_IRQHandler
                0x0800a8dc                OTG_HS_IRQHandler
                0x0800a8dc                EXTI1_IRQHandler
                0x0800a8dc                USART2_IRQHandler
                0x0800a8dc                I2C2_ER_IRQHandler
                0x0800a8dc                DMA2_Stream1_IRQHandler
                0x0800a8dc                CAN1_SCE_IRQHandler
                0x0800a8dc                FLASH_IRQHandler
                0x0800a8dc                DMA2_Stream4_IRQHandler
                0x0800a8dc                USART1_IRQHandler
                0x0800a8dc                OTG_FS_IRQHandler
                0x0800a8dc                SPI3_IRQHandler
                0x0800a8dc                DMA1_Stream4_IRQHandler
                0x0800a8dc                I2C1_ER_IRQHandler
                0x0800a8dc                DMA2_Stream6_IRQHandler
                0x0800a8dc                DMA1_Stream3_IRQHandler
 *fill*         0x0800a8de        0x2 
 .text.__libc_init_array
                0x0800a8e0       0x48 c:/program files (x86)/atollic/truestudio for stm32 9.3.0/armtools/bin/../lib/gcc/arm-atollic-eabi/6.3.1/../../../../arm-atollic-eabi/lib/armv7e-m/fpu\libc_nano.a(lib_a-init.o)
                0x0800a8e0                __libc_init_array
 .text.memcmp   0x0800a928       0x1e c:/program files (x86)/atollic/truestudio for stm32 9.3.0/armtools/bin/../lib/gcc/arm-atollic-eabi/6.3.1/../../../../arm-atollic-eabi/lib/armv7e-m/fpu\libc_nano.a(lib_a-memcmp.o)
                0x0800a928                memcmp
 .text.memcpy   0x0800a946       0x16 c:/program files (x86)/atollic/truestudio for stm32 9.3.0/armtools/bin/../lib/gcc/arm-atollic-eabi/6.3.1/../../../../arm-atollic-eabi/lib/armv7e-m/fpu\libc_nano.a(lib_a-memcpy-stub.o)
                0x0800a946                memcpy
 .text.memset   0x0800a95c       0x10 c:/program files (x86)/atollic/truestudio for stm32 9.3.0/armtools/bin/../lib/gcc/arm-atollic-eabi/6.3.1/../../../../arm-atollic-eabi/lib/armv7e-m/fpu\libc_nano.a(lib_a-memset.o)
                0x0800a95c                memset
 .text.printf   0x0800a96c       0x30 c:/program files (x86)/atollic/truestudio for stm32 9.3.0/armtools/bin/../lib/gcc/arm-atollic-eabi/6.3.1/../../../../arm-atollic-eabi/lib/armv7e-m/fpu\libc_nano.a(lib_a-printf.o)
                0x0800a96c                iprintf
                0x0800a96c                printf
 .text.sprintf  0x0800a99c       0x48 c:/program files (x86)/atollic/truestudio for stm32 9.3.0/armtools/bin/../lib/gcc/arm-atollic-eabi/6.3.1/../../../../arm-atollic-eabi/lib/armv7e-m/fpu\libc_nano.a(lib_a-sprintf.o)
                0x0800a99c                siprintf
                0x0800a99c                sprintf
 .text.strcpy   0x0800a9e4       0x10 c:/program files (x86)/atollic/truestudio for stm32 9.3.0/armtools/bin/../lib/gcc/arm-atollic-eabi/6.3.1/../../../../arm-atollic-eabi/lib/armv7e-m/fpu\libc_nano.a(lib_a-strcpy.o)
                0x0800a9e4                strcpy
 .text._cleanup_r
                0x0800a9f4        0xc c:/program files (x86)/atollic/truestudio for stm32 9.3.0/armtools/bin/../lib/gcc/arm-atollic-eabi/6.3.1/../../../../arm-atollic-eabi/lib/armv7e-m/fpu\libc_nano.a(lib_a-findfp.o)
                0x0800a9f4                _cleanup_r
 .text.std.isra.0
                0x0800aa00       0x48 c:/program files (x86)/atollic/truestudio for stm32 9.3.0/armtools/bin/../lib/gcc/arm-atollic-eabi/6.3.1/../../../../arm-atollic-eabi/lib/armv7e-m/fpu\libc_nano.a(lib_a-findfp.o)
 .text.__sfmoreglue
                0x0800aa48       0x2c c:/program files (x86)/atollic/truestudio for stm32 9.3.0/armtools/bin/../lib/gcc/arm-atollic-eabi/6.3.1/../../../../arm-atollic-eabi/lib/armv7e-m/fpu\libc_nano.a(lib_a-findfp.o)
                0x0800aa48                __sfmoreglue
 .text.__sinit  0x0800aa74       0x60 c:/program files (x86)/atollic/truestudio for stm32 9.3.0/armtools/bin/../lib/gcc/arm-atollic-eabi/6.3.1/../../../../arm-atollic-eabi/lib/armv7e-m/fpu\libc_nano.a(lib_a-findfp.o)
                0x0800aa74                __sinit
 .text.__sfp    0x0800aad4       0x78 c:/program files (x86)/atollic/truestudio for stm32 9.3.0/armtools/bin/../lib/gcc/arm-atollic-eabi/6.3.1/../../../../arm-atollic-eabi/lib/armv7e-m/fpu\libc_nano.a(lib_a-findfp.o)
                0x0800aad4                __sfp
 .text._fwalk_reent
                0x0800ab4c       0x3c c:/program files (x86)/atollic/truestudio for stm32 9.3.0/armtools/bin/../lib/gcc/arm-atollic-eabi/6.3.1/../../../../arm-atollic-eabi/lib/armv7e-m/fpu\libc_nano.a(lib_a-fwalk.o)
                0x0800ab4c                _fwalk_reent
 .text._malloc_r
                0x0800ab88       0xbc c:/program files (x86)/atollic/truestudio for stm32 9.3.0/armtools/bin/../lib/gcc/arm-atollic-eabi/6.3.1/../../../../arm-atollic-eabi/lib/armv7e-m/fpu\libc_nano.a(lib_a-nano-mallocr.o)
                0x0800ab88                _malloc_r
 .text.__ssputs_r
                0x0800ac44       0xb6 c:/program files (x86)/atollic/truestudio for stm32 9.3.0/armtools/bin/../lib/gcc/arm-atollic-eabi/6.3.1/../../../../arm-atollic-eabi/lib/armv7e-m/fpu\libc_nano.a(lib_a-nano-svfprintf.o)
                0x0800ac44                __ssputs_r
 *fill*         0x0800acfa        0x2 
 .text._svfprintf_r
                0x0800acfc      0x1e8 c:/program files (x86)/atollic/truestudio for stm32 9.3.0/armtools/bin/../lib/gcc/arm-atollic-eabi/6.3.1/../../../../arm-atollic-eabi/lib/armv7e-m/fpu\libc_nano.a(lib_a-nano-svfprintf.o)
                0x0800acfc                _svfiprintf_r
                0x0800acfc                _svfprintf_r
 .text.__sfputc_r
                0x0800aee4       0x30 c:/program files (x86)/atollic/truestudio for stm32 9.3.0/armtools/bin/../lib/gcc/arm-atollic-eabi/6.3.1/../../../../arm-atollic-eabi/lib/armv7e-m/fpu\libc_nano.a(lib_a-nano-vfprintf.o)
 .text.__sfputs_r
                0x0800af14       0x24 c:/program files (x86)/atollic/truestudio for stm32 9.3.0/armtools/bin/../lib/gcc/arm-atollic-eabi/6.3.1/../../../../arm-atollic-eabi/lib/armv7e-m/fpu\libc_nano.a(lib_a-nano-vfprintf.o)
                0x0800af14                __sfputs_r
 .text._vfprintf_r
                0x0800af38      0x22c c:/program files (x86)/atollic/truestudio for stm32 9.3.0/armtools/bin/../lib/gcc/arm-atollic-eabi/6.3.1/../../../../arm-atollic-eabi/lib/armv7e-m/fpu\libc_nano.a(lib_a-nano-vfprintf.o)
                0x0800af38                _vfprintf_r
                0x0800af38                _vfiprintf_r
 .text._printf_common
                0x0800b164       0xec c:/program files (x86)/atollic/truestudio for stm32 9.3.0/armtools/bin/../lib/gcc/arm-atollic-eabi/6.3.1/../../../../arm-atollic-eabi/lib/armv7e-m/fpu\libc_nano.a(lib_a-nano-vfprintf_i.o)
                0x0800b164                _printf_common
 .text._printf_i
                0x0800b250      0x240 c:/program files (x86)/atollic/truestudio for stm32 9.3.0/armtools/bin/../lib/gcc/arm-atollic-eabi/6.3.1/../../../../arm-atollic-eabi/lib/armv7e-m/fpu\libc_nano.a(lib_a-nano-vfprintf_i.o)
                0x0800b250                _printf_i
 .text._sbrk_r  0x0800b490       0x20 c:/program files (x86)/atollic/truestudio for stm32 9.3.0/armtools/bin/../lib/gcc/arm-atollic-eabi/6.3.1/../../../../arm-atollic-eabi/lib/armv7e-m/fpu\libc_nano.a(lib_a-sbrkr.o)
                0x0800b490                _sbrk_r
 .text.__sread  0x0800b4b0       0x22 c:/program files (x86)/atollic/truestudio for stm32 9.3.0/armtools/bin/../lib/gcc/arm-atollic-eabi/6.3.1/../../../../arm-atollic-eabi/lib/armv7e-m/fpu\libc_nano.a(lib_a-stdio.o)
                0x0800b4b0                __sread
 .text.__swrite
                0x0800b4d2       0x38 c:/program files (x86)/atollic/truestudio for stm32 9.3.0/armtools/bin/../lib/gcc/arm-atollic-eabi/6.3.1/../../../../arm-atollic-eabi/lib/armv7e-m/fpu\libc_nano.a(lib_a-stdio.o)
                0x0800b4d2                __swrite
 .text.__sseek  0x0800b50a       0x24 c:/program files (x86)/atollic/truestudio for stm32 9.3.0/armtools/bin/../lib/gcc/arm-atollic-eabi/6.3.1/../../../../arm-atollic-eabi/lib/armv7e-m/fpu\libc_nano.a(lib_a-stdio.o)
                0x0800b50a                __sseek
 .text.__sclose
                0x0800b52e        0x8 c:/program files (x86)/atollic/truestudio for stm32 9.3.0/armtools/bin/../lib/gcc/arm-atollic-eabi/6.3.1/../../../../arm-atollic-eabi/lib/armv7e-m/fpu\libc_nano.a(lib_a-stdio.o)
                0x0800b52e                __sclose
 *fill*         0x0800b536        0x2 
 .text.__swbuf_r
                0x0800b538       0xa4 c:/program files (x86)/atollic/truestudio for stm32 9.3.0/armtools/bin/../lib/gcc/arm-atollic-eabi/6.3.1/../../../../arm-atollic-eabi/lib/armv7e-m/fpu\libc_nano.a(lib_a-wbuf.o)
                0x0800b538                __swbuf_r
 .text._write_r
                0x0800b5dc       0x24 c:/program files (x86)/atollic/truestudio for stm32 9.3.0/armtools/bin/../lib/gcc/arm-atollic-eabi/6.3.1/../../../../arm-atollic-eabi/lib/armv7e-m/fpu\libc_nano.a(lib_a-writer.o)
                0x0800b5dc                _write_r
 .text.__swsetup_r
                0x0800b600       0xdc c:/program files (x86)/atollic/truestudio for stm32 9.3.0/armtools/bin/../lib/gcc/arm-atollic-eabi/6.3.1/../../../../arm-atollic-eabi/lib/armv7e-m/fpu\libc_nano.a(lib_a-wsetup.o)
                0x0800b600                __swsetup_r
 .text._close_r
                0x0800b6dc       0x20 c:/program files (x86)/atollic/truestudio for stm32 9.3.0/armtools/bin/../lib/gcc/arm-atollic-eabi/6.3.1/../../../../arm-atollic-eabi/lib/armv7e-m/fpu\libc_nano.a(lib_a-closer.o)
                0x0800b6dc                _close_r
 .text.__sflush_r
                0x0800b6fc      0x110 c:/program files (x86)/atollic/truestudio for stm32 9.3.0/armtools/bin/../lib/gcc/arm-atollic-eabi/6.3.1/../../../../arm-atollic-eabi/lib/armv7e-m/fpu\libc_nano.a(lib_a-fflush.o)
                0x0800b6fc                __sflush_r
 .text._fflush_r
                0x0800b80c       0x54 c:/program files (x86)/atollic/truestudio for stm32 9.3.0/armtools/bin/../lib/gcc/arm-atollic-eabi/6.3.1/../../../../arm-atollic-eabi/lib/armv7e-m/fpu\libc_nano.a(lib_a-fflush.o)
                0x0800b80c                _fflush_r
 .text._lseek_r
                0x0800b860       0x24 c:/program files (x86)/atollic/truestudio for stm32 9.3.0/armtools/bin/../lib/gcc/arm-atollic-eabi/6.3.1/../../../../arm-atollic-eabi/lib/armv7e-m/fpu\libc_nano.a(lib_a-lseekr.o)
                0x0800b860                _lseek_r
 .text.__swhatbuf_r
                0x0800b884       0x48 c:/program files (x86)/atollic/truestudio for stm32 9.3.0/armtools/bin/../lib/gcc/arm-atollic-eabi/6.3.1/../../../../arm-atollic-eabi/lib/armv7e-m/fpu\libc_nano.a(lib_a-makebuf.o)
                0x0800b884                __swhatbuf_r
 .text.__smakebuf_r
                0x0800b8cc       0x80 c:/program files (x86)/atollic/truestudio for stm32 9.3.0/armtools/bin/../lib/gcc/arm-atollic-eabi/6.3.1/../../../../arm-atollic-eabi/lib/armv7e-m/fpu\libc_nano.a(lib_a-makebuf.o)
                0x0800b8cc                __smakebuf_r
 .text.memmove  0x0800b94c       0x34 c:/program files (x86)/atollic/truestudio for stm32 9.3.0/armtools/bin/../lib/gcc/arm-atollic-eabi/6.3.1/../../../../arm-atollic-eabi/lib/armv7e-m/fpu\libc_nano.a(lib_a-memmove.o)
                0x0800b94c                memmove
 .text.__malloc_lock
                0x0800b980        0x2 c:/program files (x86)/atollic/truestudio for stm32 9.3.0/armtools/bin/../lib/gcc/arm-atollic-eabi/6.3.1/../../../../arm-atollic-eabi/lib/armv7e-m/fpu\libc_nano.a(lib_a-mlock.o)
                0x0800b980                __malloc_lock
 .text.__malloc_unlock
                0x0800b982        0x2 c:/program files (x86)/atollic/truestudio for stm32 9.3.0/armtools/bin/../lib/gcc/arm-atollic-eabi/6.3.1/../../../../arm-atollic-eabi/lib/armv7e-m/fpu\libc_nano.a(lib_a-mlock.o)
                0x0800b982                __malloc_unlock
 .text._free_r  0x0800b984       0x9c c:/program files (x86)/atollic/truestudio for stm32 9.3.0/armtools/bin/../lib/gcc/arm-atollic-eabi/6.3.1/../../../../arm-atollic-eabi/lib/armv7e-m/fpu\libc_nano.a(lib_a-nano-freer.o)
                0x0800b984                _free_r
 .text._realloc_r
                0x0800ba20       0x4c c:/program files (x86)/atollic/truestudio for stm32 9.3.0/armtools/bin/../lib/gcc/arm-atollic-eabi/6.3.1/../../../../arm-atollic-eabi/lib/armv7e-m/fpu\libc_nano.a(lib_a-nano-reallocr.o)
                0x0800ba20                _realloc_r
 .text._read_r  0x0800ba6c       0x24 c:/program files (x86)/atollic/truestudio for stm32 9.3.0/armtools/bin/../lib/gcc/arm-atollic-eabi/6.3.1/../../../../arm-atollic-eabi/lib/armv7e-m/fpu\libc_nano.a(lib_a-readr.o)
                0x0800ba6c                _read_r
 .text._fstat_r
                0x0800ba90       0x24 c:/program files (x86)/atollic/truestudio for stm32 9.3.0/armtools/bin/../lib/gcc/arm-atollic-eabi/6.3.1/../../../../arm-atollic-eabi/lib/armv7e-m/fpu\libc_nano.a(lib_a-fstatr.o)
                0x0800ba90                _fstat_r
 .text._isatty_r
                0x0800bab4       0x20 c:/program files (x86)/atollic/truestudio for stm32 9.3.0/armtools/bin/../lib/gcc/arm-atollic-eabi/6.3.1/../../../../arm-atollic-eabi/lib/armv7e-m/fpu\libc_nano.a(lib_a-isattyr.o)
                0x0800bab4                _isatty_r
 .text._malloc_usable_size_r
                0x0800bad4       0x12 c:/program files (x86)/atollic/truestudio for stm32 9.3.0/armtools/bin/../lib/gcc/arm-atollic-eabi/6.3.1/../../../../arm-atollic-eabi/lib/armv7e-m/fpu\libc_nano.a(lib_a-nano-msizer.o)
                0x0800bad4                _malloc_usable_size_r
 *(.glue_7)
 .glue_7        0x0800bae6        0x0 linker stubs
 *(.glue_7t)
 .glue_7t       0x0800bae6        0x0 linker stubs
 *(.eh_frame)
 *fill*         0x0800bae6        0x2 
 .eh_frame      0x0800bae8        0x0 c:/program files (x86)/atollic/truestudio for stm32 9.3.0/armtools/bin/../lib/gcc/arm-atollic-eabi/6.3.1/armv7e-m/fpu/crtbegin.o
 *(.init)
 .init          0x0800bae8        0x4 c:/program files (x86)/atollic/truestudio for stm32 9.3.0/armtools/bin/../lib/gcc/arm-atollic-eabi/6.3.1/armv7e-m/fpu/crti.o
                0x0800bae8                _init
 .init          0x0800baec        0x8 c:/program files (x86)/atollic/truestudio for stm32 9.3.0/armtools/bin/../lib/gcc/arm-atollic-eabi/6.3.1/armv7e-m/fpu/crtn.o
 *(.fini)
 .fini          0x0800baf4        0x4 c:/program files (x86)/atollic/truestudio for stm32 9.3.0/armtools/bin/../lib/gcc/arm-atollic-eabi/6.3.1/armv7e-m/fpu/crti.o
                0x0800baf4                _fini
 .fini          0x0800baf8        0x8 c:/program files (x86)/atollic/truestudio for stm32 9.3.0/armtools/bin/../lib/gcc/arm-atollic-eabi/6.3.1/armv7e-m/fpu/crtn.o
                0x0800bb00                . = ALIGN (0x4)
                0x0800bb00                _etext = .

.vfp11_veneer   0x0800bb00        0x0
 .vfp11_veneer  0x0800bb00        0x0 linker stubs

.v4_bx          0x0800bb00        0x0
 .v4_bx         0x0800bb00        0x0 linker stubs

.iplt           0x0800bb00        0x0
 .iplt          0x0800bb00        0x0 c:/program files (x86)/atollic/truestudio for stm32 9.3.0/armtools/bin/../lib/gcc/arm-atollic-eabi/6.3.1/armv7e-m/fpu/crtbegin.o

.rodata         0x0800bb00     0x1fa8
                0x0800bb00                . = ALIGN (0x4)
 *(.rodata)
 .rodata        0x0800bb00       0x1c Src\ethernetif.o
 .rodata        0x0800bb1c       0x38 Src\main.o
 *(.rodata*)
 .rodata.vTaskStartScheduler.str1.1
                0x0800bb54        0x5 Middlewares\Third_Party\FreeRTOS\Source\tasks.o
 .rodata.tcpip_init.str1.1
                0x0800bb59       0x51 Middlewares\Third_Party\LwIP\src\api\tcpip.o
 .rodata.tcpip_inpkt.str1.1
                0x0800bbaa        0xd Middlewares\Third_Party\LwIP\src\api\tcpip.o
 .rodata.tcpip_thread.str1.1
                0x0800bbb7       0x76 Middlewares\Third_Party\LwIP\src\api\tcpip.o
 .rodata.mqtt_append_request.str1.1
                0x0800bc2d       0x57 Middlewares\Third_Party\LwIP\src\apps\mqtt\mqtt.o
 .rodata.mqtt_client_connect.str1.1
                0x0800bc84      0x1ce Middlewares\Third_Party\LwIP\src\apps\mqtt\mqtt.o
 .rodata.mqtt_close.str1.1
                0x0800be52       0x1b Middlewares\Third_Party\LwIP\src\apps\mqtt\mqtt.o
 .rodata.mqtt_create_request.str1.1
                0x0800be6d       0x59 Middlewares\Third_Party\LwIP\src\apps\mqtt\mqtt.o
                                 0x81 (size before relaxing)
 .rodata.mqtt_cyclic_timer.str1.1
                0x0800bec6       0x22 Middlewares\Third_Party\LwIP\src\apps\mqtt\mqtt.o
 .rodata.mqtt_output_check_space.str1.1
                0x0800bee8       0x24 Middlewares\Third_Party\LwIP\src\apps\mqtt\mqtt.o
 .rodata.mqtt_publish.str1.1
                0x0800bf0c       0xa0 Middlewares\Third_Party\LwIP\src\apps\mqtt\mqtt.o
 .rodata.mqtt_set_inpub_callback.str1.1
                0x0800bfac       0x28 Middlewares\Third_Party\LwIP\src\apps\mqtt\mqtt.o
 .rodata.mqtt_sub_unsub.str1.1
                0x0800bfd4       0xa1 Middlewares\Third_Party\LwIP\src\apps\mqtt\mqtt.o
 .rodata.mqtt_take_request.str1.1
                0x0800c075       0x20 Middlewares\Third_Party\LwIP\src\apps\mqtt\mqtt.o
 .rodata.mqtt_tcp_err_cb.str1.1
                0x0800c095       0x20 Middlewares\Third_Party\LwIP\src\apps\mqtt\mqtt.o
 .rodata.mqtt_tcp_recv_cb.str1.1
                0x0800c0b5       0x47 Middlewares\Third_Party\LwIP\src\apps\mqtt\mqtt.o
 .rodata.etharp_find_entry.isra.0.str1.1
                0x0800c0fc       0x40 Middlewares\Third_Party\LwIP\src\core\ipv4\etharp.o
 .rodata.etharp_get_entry.str1.1
                0x0800c13c       0x1f Middlewares\Third_Party\LwIP\src\core\ipv4\etharp.o
 .rodata.etharp_input.str1.1
                0x0800c15b       0x24 Middlewares\Third_Party\LwIP\src\core\ipv4\etharp.o
 .rodata.etharp_output.str1.1
                0x0800c17f       0x24 Middlewares\Third_Party\LwIP\src\core\ipv4\etharp.o
                                  0xa (size before relaxing)
 .rodata.etharp_output_to_arp_index.str1.1
                0x0800c17f       0x30 Middlewares\Third_Party\LwIP\src\core\ipv4\etharp.o
 .rodata.etharp_query.str1.1
                0x0800c1af       0x42 Middlewares\Third_Party\LwIP\src\core\ipv4\etharp.o
 .rodata.etharp_raw.str1.1
                0x0800c1f1       0xb7 Middlewares\Third_Party\LwIP\src\core\ipv4\etharp.o
                                 0xdf (size before relaxing)
 .rodata.icmp_input.str1.1
                0x0800c2a8       0x67 Middlewares\Third_Party\LwIP\src\core\ipv4\icmp.o
 .rodata.icmp_send_response.isra.0.str1.1
                0x0800c30f       0x61 Middlewares\Third_Party\LwIP\src\core\ipv4\icmp.o
                                 0x89 (size before relaxing)
 .rodata.ip4_output_if_src.str1.1
                0x0800c370       0x6d Middlewares\Third_Party\LwIP\src\core\ipv4\ip4.o
                                 0x95 (size before relaxing)
 *fill*         0x0800c3dd        0x3 
 .rodata.ip_addr_any
                0x0800c3e0        0x4 Middlewares\Third_Party\LwIP\src\core\ipv4\ip4_addr.o
                0x0800c3e0                ip_addr_any
 .rodata.ip4_frag.str1.1
                0x0800c3e4       0x61 Middlewares\Third_Party\LwIP\src\core\ipv4\ip4_frag.o
 .rodata.ip4_reass.str1.1
                0x0800c445       0x84 Middlewares\Third_Party\LwIP\src\core\ipv4\ip4_frag.o
 .rodata.ip_frag_free_pbuf_custom_ref.str1.1
                0x0800c4c9       0x84 Middlewares\Third_Party\LwIP\src\core\ipv4\ip4_frag.o
                                  0xa (size before relaxing)
 .rodata.ip_reass_dequeue_datagram.str1.1
                0x0800c4c9       0x52 Middlewares\Third_Party\LwIP\src\core\ipv4\ip4_frag.o
                                 0x7a (size before relaxing)
 .rodata.ip_reass_free_complete_datagram.str1.1
                0x0800c51b       0x56 Middlewares\Third_Party\LwIP\src\core\ipv4\ip4_frag.o
 .rodata.ipfrag_free_pbuf_custom.str1.1
                0x0800c571        0xc Middlewares\Third_Party\LwIP\src\core\ipv4\ip4_frag.o
 .rodata.mem_free.str1.1
                0x0800c57d       0xc2 Middlewares\Third_Party\LwIP\src\core\mem.o
 .rodata.mem_init.str1.1
                0x0800c63f       0x4a Middlewares\Third_Party\LwIP\src\core\mem.o
                                 0x72 (size before relaxing)
 .rodata.mem_malloc.str1.1
                0x0800c689       0x9b Middlewares\Third_Party\LwIP\src\core\mem.o
 .rodata.mem_trim.str1.1
                0x0800c724       0x37 Middlewares\Third_Party\LwIP\src\core\mem.o
 .rodata.do_memp_free_pool.isra.1.str1.1
                0x0800c75b       0x20 Middlewares\Third_Party\LwIP\src\core\memp.o
 .rodata.do_memp_malloc_pool.isra.0.str1.1
                0x0800c77b       0x53 Middlewares\Third_Party\LwIP\src\core\memp.o
                                 0x7b (size before relaxing)
 *fill*         0x0800c7ce        0x2 
 .rodata.memp_FRAG_PBUF
                0x0800c7d0        0xc Middlewares\Third_Party\LwIP\src\core\memp.o
                0x0800c7d0                memp_FRAG_PBUF
 .rodata.memp_NETBUF
                0x0800c7dc        0xc Middlewares\Third_Party\LwIP\src\core\memp.o
                0x0800c7dc                memp_NETBUF
 .rodata.memp_NETCONN
                0x0800c7e8        0xc Middlewares\Third_Party\LwIP\src\core\memp.o
                0x0800c7e8                memp_NETCONN
 .rodata.memp_PBUF
                0x0800c7f4        0xc Middlewares\Third_Party\LwIP\src\core\memp.o
                0x0800c7f4                memp_PBUF
 .rodata.memp_PBUF_POOL
                0x0800c800        0xc Middlewares\Third_Party\LwIP\src\core\memp.o
                0x0800c800                memp_PBUF_POOL
 .rodata.memp_REASSDATA
                0x0800c80c        0xc Middlewares\Third_Party\LwIP\src\core\memp.o
                0x0800c80c                memp_REASSDATA
 .rodata.memp_SYS_TIMEOUT
                0x0800c818        0xc Middlewares\Third_Party\LwIP\src\core\memp.o
                0x0800c818                memp_SYS_TIMEOUT
 .rodata.memp_TCPIP_MSG_API
                0x0800c824        0xc Middlewares\Third_Party\LwIP\src\core\memp.o
                0x0800c824                memp_TCPIP_MSG_API
 .rodata.memp_TCPIP_MSG_INPKT
                0x0800c830        0xc Middlewares\Third_Party\LwIP\src\core\memp.o
                0x0800c830                memp_TCPIP_MSG_INPKT
 .rodata.memp_TCP_PCB
                0x0800c83c        0xc Middlewares\Third_Party\LwIP\src\core\memp.o
                0x0800c83c                memp_TCP_PCB
 .rodata.memp_TCP_PCB_LISTEN
                0x0800c848        0xc Middlewares\Third_Party\LwIP\src\core\memp.o
                0x0800c848                memp_TCP_PCB_LISTEN
 .rodata.memp_TCP_SEG
                0x0800c854        0xc Middlewares\Third_Party\LwIP\src\core\memp.o
                0x0800c854                memp_TCP_SEG
 .rodata.memp_UDP_PCB
                0x0800c860        0xc Middlewares\Third_Party\LwIP\src\core\memp.o
                0x0800c860                memp_UDP_PCB
 .rodata.memp_free.str1.1
                0x0800c86c       0x1b Middlewares\Third_Party\LwIP\src\core\memp.o
 .rodata.memp_malloc.str1.1
                0x0800c887       0x1d Middlewares\Third_Party\LwIP\src\core\memp.o
 .rodata.memp_pools
                0x0800c8a4       0x34 Middlewares\Third_Party\LwIP\src\core\memp.o
                0x0800c8a4                memp_pools
 .rodata.netif_add.str1.1
                0x0800c8d8       0x48 Middlewares\Third_Party\LwIP\src\core\netif.o
                                 0x70 (size before relaxing)
 .rodata.pbuf_alloc.str1.1
                0x0800c920       0xa8 Middlewares\Third_Party\LwIP\src\core\pbuf.o
 .rodata.pbuf_alloced_custom.str1.1
                0x0800c9c8       0x24 Middlewares\Third_Party\LwIP\src\core\pbuf.o
 .rodata.pbuf_cat.str1.1
                0x0800c9ec       0x72 Middlewares\Third_Party\LwIP\src\core\pbuf.o
 .rodata.pbuf_copy.str1.1
                0x0800ca5e       0x99 Middlewares\Third_Party\LwIP\src\core\pbuf.o
 .rodata.pbuf_copy_partial.str1.1
                0x0800caf7       0x42 Middlewares\Third_Party\LwIP\src\core\pbuf.o
 .rodata.pbuf_free.str1.1
                0x0800cb39       0x4c Middlewares\Third_Party\LwIP\src\core\pbuf.o
 .rodata.pbuf_header_impl.str1.1
                0x0800cb85       0x5c Middlewares\Third_Party\LwIP\src\core\pbuf.o
                                 0x8e (size before relaxing)
 .rodata.pbuf_realloc.str1.1
                0x0800cbe1       0x78 Middlewares\Third_Party\LwIP\src\core\pbuf.o
 .rodata.pbuf_ref.str1.1
                0x0800cc59       0x12 Middlewares\Third_Party\LwIP\src\core\pbuf.o
 .rodata.tcp_abandon.str1.1
                0x0800cc6b       0x31 Middlewares\Third_Party\LwIP\src\core\tcp.o
 .rodata.tcp_backoff
                0x0800cc9c        0xd Middlewares\Third_Party\LwIP\src\core\tcp.o
 .rodata.tcp_bind.str1.1
                0x0800cca9       0x28 Middlewares\Third_Party\LwIP\src\core\tcp.o
 .rodata.tcp_close_shutdown.str1.1
                0x0800ccd1       0x19 Middlewares\Third_Party\LwIP\src\core\tcp.o
 .rodata.tcp_close_shutdown_fin.str1.1
                0x0800ccea       0x3b Middlewares\Third_Party\LwIP\src\core\tcp.o
                                 0x63 (size before relaxing)
 .rodata.tcp_connect.str1.1
                0x0800cd25       0x30 Middlewares\Third_Party\LwIP\src\core\tcp.o
 .rodata.tcp_err.str1.1
                0x0800cd55       0x26 Middlewares\Third_Party\LwIP\src\core\tcp.o
 .rodata.tcp_kill_state.str1.1
                0x0800cd7b        0xe Middlewares\Third_Party\LwIP\src\core\tcp.o
 *fill*         0x0800cd89        0x3 
 .rodata.tcp_pcb_lists
                0x0800cd8c       0x10 Middlewares\Third_Party\LwIP\src\core\tcp.o
                0x0800cd8c                tcp_pcb_lists
 .rodata.tcp_pcb_remove.str1.1
                0x0800cd9c       0x31 Middlewares\Third_Party\LwIP\src\core\tcp.o
 .rodata.tcp_persist_backoff
                0x0800cdcd        0x7 Middlewares\Third_Party\LwIP\src\core\tcp.o
 .rodata.tcp_poll.str1.1
                0x0800cdd4       0x1e Middlewares\Third_Party\LwIP\src\core\tcp.o
 .rodata.tcp_recv.str1.1
                0x0800cdf2       0x27 Middlewares\Third_Party\LwIP\src\core\tcp.o
 .rodata.tcp_recved.str1.1
                0x0800ce19       0x47 Middlewares\Third_Party\LwIP\src\core\tcp.o
 .rodata.tcp_sent.str1.1
                0x0800ce60       0x27 Middlewares\Third_Party\LwIP\src\core\tcp.o
 .rodata.tcp_slowtmr.str1.1
                0x0800ce87      0x152 Middlewares\Third_Party\LwIP\src\core\tcp.o
 .rodata.tcp_update_rcv_ann_wnd.str1.1
                0x0800cfd9       0x1a Middlewares\Third_Party\LwIP\src\core\tcp.o
 .rodata.tcp_input.str1.1
                0x0800cff3      0x1b6 Middlewares\Third_Party\LwIP\src\core\tcp_in.o
 .rodata.tcp_receive.str1.1
                0x0800d1a9      0x12b Middlewares\Third_Party\LwIP\src\core\tcp_in.o
                                0x153 (size before relaxing)
 .rodata.tcp_create_segment.str1.1
                0x0800d2d4       0x15 Middlewares\Third_Party\LwIP\src\core\tcp_out.o
 .rodata.tcp_enqueue_flags.str1.1
                0x0800d2e9       0xf8 Middlewares\Third_Party\LwIP\src\core\tcp_out.o
 .rodata.tcp_output.str1.1
                0x0800d3e1       0x3d Middlewares\Third_Party\LwIP\src\core\tcp_out.o
 .rodata.tcp_output_alloc_header.constprop.0.str1.1
                0x0800d41e       0x2e Middlewares\Third_Party\LwIP\src\core\tcp_out.o
 .rodata.tcp_pbuf_prealloc.str1.1
                0x0800d44c       0x47 Middlewares\Third_Party\LwIP\src\core\tcp_out.o
                                 0x6f (size before relaxing)
 .rodata.tcp_write.str1.1
                0x0800d493      0x232 Middlewares\Third_Party\LwIP\src\core\tcp_out.o
 *fill*         0x0800d6c5        0x3 
 .rodata.lwip_cyclic_timers
                0x0800d6c8       0x18 Middlewares\Third_Party\LwIP\src\core\timeouts.o
                0x0800d6c8                lwip_cyclic_timers
 .rodata.sys_timeout.str1.1
                0x0800d6e0       0x71 Middlewares\Third_Party\LwIP\src\core\timeouts.o
                                 0x99 (size before relaxing)
 .rodata.udp_input.str1.1
                0x0800d751       0x43 Middlewares\Third_Party\LwIP\src\core\udp.o
                                 0x6b (size before relaxing)
 .rodata.ethbroadcast
                0x0800d794        0x6 Middlewares\Third_Party\LwIP\src\netif\ethernet.o
                0x0800d794                ethbroadcast
 .rodata.ethernet_output.str1.1
                0x0800d79a       0x66 Middlewares\Third_Party\LwIP\src\netif\ethernet.o
                                 0x8e (size before relaxing)
 .rodata.ethzero
                0x0800d800        0x6 Middlewares\Third_Party\LwIP\src\netif\ethernet.o
                0x0800d800                ethzero
 *fill*         0x0800d806        0x2 
 .rodata.os_mutex_def_lwip_sys_mutex
                0x0800d808        0x8 Middlewares\Third_Party\LwIP\system\OS\sys_arch.o
                0x0800d808                os_mutex_def_lwip_sys_mutex
 .rodata.ethernetif_init.str1.1