sockets.c:350:1:get_socket	0	static
sockets.c:380:1:tryget_socket	0	static
sockets.c:401:1:alloc_socket	40	static
sockets.c:1306:1:lwip_selscan	80	static
sockets.c:1732:1:lwip_getaddrname	48	static
sockets.c:1571:1:event_callback	40	static
sockets.c:331:1:lwip_socket_thread_init	0	static
sockets.c:338:1:lwip_socket_thread_cleanup	0	static
sockets.c:466:1:lwip_accept	72	static
sockets.c:557:1:lwip_bind	24	static
sockets.c:608:1:lwip_close	24	static
sockets.c:644:1:lwip_connect	24	static
sockets.c:709:1:lwip_listen	8	static
sockets.c:741:1:lwip_recvfrom	80	static
sockets.c:917:1:lwip_read	16	static
sockets.c:923:1:lwip_recv	16	static
sockets.c:965:1:lwip_sendmsg	56	static
sockets.c:1122:1:lwip_sendto	48	static
sockets.c:929:1:lwip_send	40	static
sockets.c:1215:1:lwip_socket	16	static
sockets.c:1269:1:lwip_write	0	static
sockets.c:1275:1:lwip_writev	40	static
sockets.c:1371:1:lwip_select	128	static
sockets.c:1691:1:lwip_shutdown	16	static
sockets.c:1777:1:lwip_getpeername	0	static
sockets.c:1783:1:lwip_getsockname	0	static
sockets.c:1789:1:lwip_getsockopt	32	static
sockets.c:2195:1:lwip_setsockopt	32	static
sockets.c:2615:1:lwip_ioctl	8	static
sockets.c:2712:1:lwip_fcntl	8	static
